<?xml version="1.0" encoding="ISO-8859-1" ?>
<link_info>
   <banner>TI ARM Linker PC v18.12.4.LTS</banner>
   <copyright>Copyright (c) 1996-2018 Texas Instruments Incorporated</copyright>
   <link_time>0x5f905a5c</link_time>
   <link_errors>0x0</link_errors>
   <output_file>TEST.out</output_file>
   <entry_point>
      <name>_c_int00</name>
      <address>0xe910</address>
   </entry_point>
   <input_file_list>
      <input_file id="fl-2">
         <path>.\source\</path>
         <kind>object</kind>
         <file>dabort.obj</file>
         <name>dabort.obj</name>
      </input_file>
      <input_file id="fl-3">
         <path>.\source\</path>
         <kind>object</kind>
         <file>errata_SSWF021_45.obj</file>
         <name>errata_SSWF021_45.obj</name>
      </input_file>
      <input_file id="fl-4">
         <path>.\source\</path>
         <kind>object</kind>
         <file>esm.obj</file>
         <name>esm.obj</name>
      </input_file>
      <input_file id="fl-5">
         <path>.\source\</path>
         <kind>object</kind>
         <file>gio.obj</file>
         <name>gio.obj</name>
      </input_file>
      <input_file id="fl-6">
         <path>.\source\</path>
         <kind>object</kind>
         <file>notification.obj</file>
         <name>notification.obj</name>
      </input_file>
      <input_file id="fl-7">
         <path>.\source\</path>
         <kind>object</kind>
         <file>os_croutine.obj</file>
         <name>os_croutine.obj</name>
      </input_file>
      <input_file id="fl-8">
         <path>.\source\</path>
         <kind>object</kind>
         <file>os_event_groups.obj</file>
         <name>os_event_groups.obj</name>
      </input_file>
      <input_file id="fl-9">
         <path>.\source\</path>
         <kind>object</kind>
         <file>os_heap.obj</file>
         <name>os_heap.obj</name>
      </input_file>
      <input_file id="fl-a">
         <path>.\source\</path>
         <kind>object</kind>
         <file>os_list.obj</file>
         <name>os_list.obj</name>
      </input_file>
      <input_file id="fl-b">
         <path>.\source\</path>
         <kind>object</kind>
         <file>os_mpu_wrappers.obj</file>
         <name>os_mpu_wrappers.obj</name>
      </input_file>
      <input_file id="fl-c">
         <path>.\source\</path>
         <kind>object</kind>
         <file>os_port.obj</file>
         <name>os_port.obj</name>
      </input_file>
      <input_file id="fl-d">
         <path>.\source\</path>
         <kind>object</kind>
         <file>os_portasm.obj</file>
         <name>os_portasm.obj</name>
      </input_file>
      <input_file id="fl-e">
         <path>.\source\</path>
         <kind>object</kind>
         <file>os_queue.obj</file>
         <name>os_queue.obj</name>
      </input_file>
      <input_file id="fl-f">
         <path>.\source\</path>
         <kind>object</kind>
         <file>os_tasks.obj</file>
         <name>os_tasks.obj</name>
      </input_file>
      <input_file id="fl-10">
         <path>.\source\</path>
         <kind>object</kind>
         <file>os_timer.obj</file>
         <name>os_timer.obj</name>
      </input_file>
      <input_file id="fl-11">
         <path>.\source\</path>
         <kind>object</kind>
         <file>pinmux.obj</file>
         <name>pinmux.obj</name>
      </input_file>
      <input_file id="fl-12">
         <path>.\source\</path>
         <kind>object</kind>
         <file>spi.obj</file>
         <name>spi.obj</name>
      </input_file>
      <input_file id="fl-13">
         <path>.\source\</path>
         <kind>object</kind>
         <file>sys_core.obj</file>
         <name>sys_core.obj</name>
      </input_file>
      <input_file id="fl-14">
         <path>.\source\</path>
         <kind>object</kind>
         <file>sys_intvecs.obj</file>
         <name>sys_intvecs.obj</name>
      </input_file>
      <input_file id="fl-15">
         <path>.\source\</path>
         <kind>object</kind>
         <file>sys_main.obj</file>
         <name>sys_main.obj</name>
      </input_file>
      <input_file id="fl-16">
         <path>.\source\</path>
         <kind>object</kind>
         <file>sys_mpu.obj</file>
         <name>sys_mpu.obj</name>
      </input_file>
      <input_file id="fl-17">
         <path>.\source\</path>
         <kind>object</kind>
         <file>sys_pcr.obj</file>
         <name>sys_pcr.obj</name>
      </input_file>
      <input_file id="fl-18">
         <path>.\source\</path>
         <kind>object</kind>
         <file>sys_phantom.obj</file>
         <name>sys_phantom.obj</name>
      </input_file>
      <input_file id="fl-19">
         <path>.\source\</path>
         <kind>object</kind>
         <file>sys_pmu.obj</file>
         <name>sys_pmu.obj</name>
      </input_file>
      <input_file id="fl-1a">
         <path>.\source\</path>
         <kind>object</kind>
         <file>sys_selftest.obj</file>
         <name>sys_selftest.obj</name>
      </input_file>
      <input_file id="fl-1b">
         <path>.\source\</path>
         <kind>object</kind>
         <file>sys_startup.obj</file>
         <name>sys_startup.obj</name>
      </input_file>
      <input_file id="fl-1c">
         <path>.\source\</path>
         <kind>object</kind>
         <file>sys_vim.obj</file>
         <name>sys_vim.obj</name>
      </input_file>
      <input_file id="fl-1d">
         <path>.\source\</path>
         <kind>object</kind>
         <file>system.obj</file>
         <name>system.obj</name>
      </input_file>
      <input_file id="fl-21">
         <kind>object</kind>
         <file>&lt;internal&gt;</file>
         <name>&lt;internal&gt;</name>
      </input_file>
      <input_file id="fl-d7">
         <path>C:\ti\ccs930\ccs\tools\compiler\ti-cgt-arm_18.12.4.LTS\lib\</path>
         <kind>archive</kind>
         <file>rtsv7R4_A_be_eabi.lib</file>
         <name>memset32.asm.obj</name>
      </input_file>
      <input_file id="fl-d8">
         <path>C:\ti\ccs930\ccs\tools\compiler\ti-cgt-arm_18.12.4.LTS\lib\</path>
         <kind>archive</kind>
         <file>rtsv7R4_A_be_eabi.lib</file>
         <name>memcpy32.asm.obj</name>
      </input_file>
      <input_file id="fl-d9">
         <path>C:\ti\ccs930\ccs\tools\compiler\ti-cgt-arm_18.12.4.LTS\lib\</path>
         <kind>archive</kind>
         <file>rtsv7R4_A_be_eabi.lib</file>
         <name>autoinit.c.obj</name>
      </input_file>
      <input_file id="fl-da">
         <path>C:\ti\ccs930\ccs\tools\compiler\ti-cgt-arm_18.12.4.LTS\lib\</path>
         <kind>archive</kind>
         <file>rtsv7R4_A_be_eabi.lib</file>
         <name>cpy_tbl.c.obj</name>
      </input_file>
      <input_file id="fl-db">
         <path>C:\ti\ccs930\ccs\tools\compiler\ti-cgt-arm_18.12.4.LTS\lib\</path>
         <kind>archive</kind>
         <file>rtsv7R4_A_be_eabi.lib</file>
         <name>copy_zero_init.c.obj</name>
      </input_file>
      <input_file id="fl-dc">
         <path>C:\ti\ccs930\ccs\tools\compiler\ti-cgt-arm_18.12.4.LTS\lib\</path>
         <kind>archive</kind>
         <file>rtsv7R4_A_be_eabi.lib</file>
         <name>copy_decompress_none.c.obj</name>
      </input_file>
      <input_file id="fl-dd">
         <path>C:\ti\ccs930\ccs\tools\compiler\ti-cgt-arm_18.12.4.LTS\lib\</path>
         <kind>archive</kind>
         <file>rtsv7R4_A_be_eabi.lib</file>
         <name>copy_decompress_lzss.c.obj</name>
      </input_file>
      <input_file id="fl-de">
         <path>C:\ti\ccs930\ccs\tools\compiler\ti-cgt-arm_18.12.4.LTS\lib\</path>
         <kind>archive</kind>
         <file>rtsv7R4_A_be_eabi.lib</file>
         <name>exit.c.obj</name>
      </input_file>
      <input_file id="fl-df">
         <path>C:\ti\ccs930\ccs\tools\compiler\ti-cgt-arm_18.12.4.LTS\lib\</path>
         <kind>archive</kind>
         <file>rtsv7R4_A_be_eabi.lib</file>
         <name>_lock.c.obj</name>
      </input_file>
      <input_file id="fl-e0">
         <path>C:\ti\ccs930\ccs\tools\compiler\ti-cgt-arm_18.12.4.LTS\lib\</path>
         <kind>archive</kind>
         <file>rtsv7R4_A_be_eabi.lib</file>
         <name>strlen.c.obj</name>
      </input_file>
   </input_file_list>
   <object_component_list>
      <object_component id="oc-2a">
         <name>.intvecs</name>
         <load_address>0x0</load_address>
         <run_address>0x0</run_address>
         <size>0x20</size>
         <input_file_ref idref="fl-14"/>
      </object_component>
      <object_component id="oc-137">
         <name>.kernelTEXT</name>
         <load_address>0x20</load_address>
         <run_address>0x20</run_address>
         <size>0x2bdc</size>
         <input_file_ref idref="fl-f"/>
      </object_component>
      <object_component id="oc-200">
         <name>.kernelTEXT</name>
         <load_address>0x2bfc</load_address>
         <run_address>0x2bfc</run_address>
         <size>0x11dc</size>
         <input_file_ref idref="fl-e"/>
      </object_component>
      <object_component id="oc-206">
         <name>.kernelTEXT</name>
         <load_address>0x3dd8</load_address>
         <run_address>0x3dd8</run_address>
         <size>0x81c</size>
         <input_file_ref idref="fl-8"/>
      </object_component>
      <object_component id="oc-233">
         <name>.kernelTEXT</name>
         <load_address>0x45f4</load_address>
         <run_address>0x45f4</run_address>
         <size>0x3bc</size>
         <input_file_ref idref="fl-c"/>
      </object_component>
      <object_component id="oc-9c">
         <name>.kernelTEXT</name>
         <load_address>0x49b0</load_address>
         <run_address>0x49b0</run_address>
         <size>0x3b0</size>
         <input_file_ref idref="fl-d"/>
      </object_component>
      <object_component id="oc-227">
         <name>.kernelTEXT</name>
         <load_address>0x4d60</load_address>
         <run_address>0x4d60</run_address>
         <size>0x380</size>
         <input_file_ref idref="fl-9"/>
      </object_component>
      <object_component id="oc-348">
         <name>.cinit..data.load</name>
         <load_address>0x50e0</load_address>
         <run_address>0x50e0</run_address>
         <size>0x10</size>
      </object_component>
      <object_component id="oc-343">
         <name>__TI_handler_table</name>
         <load_address>0x50f0</load_address>
         <run_address>0x50f0</run_address>
         <size>0xc</size>
      </object_component>
      <object_component id="oc-345">
         <name>.cinit..kernelBSS.load</name>
         <load_address>0x50fc</load_address>
         <run_address>0x50fc</run_address>
         <size>0x9</size>
      </object_component>
      <object_component id="oc-347">
         <name>.cinit..bss.load</name>
         <load_address>0x5108</load_address>
         <run_address>0x5108</run_address>
         <size>0x8</size>
      </object_component>
      <object_component id="oc-346">
         <name>.cinit..kernelHEAP.load</name>
         <load_address>0x5110</load_address>
         <run_address>0x5110</run_address>
         <size>0x8</size>
      </object_component>
      <object_component id="oc-344">
         <name>__TI_cinit_table</name>
         <load_address>0x5118</load_address>
         <run_address>0x5118</run_address>
         <size>0x20</size>
      </object_component>
      <object_component id="oc-7b">
         <name>.text</name>
         <load_address>0x8020</load_address>
         <run_address>0x8020</run_address>
         <size>0x24f0</size>
         <input_file_ref idref="fl-1a"/>
      </object_component>
      <object_component id="oc-12b">
         <name>.text</name>
         <load_address>0xa510</load_address>
         <run_address>0xa510</run_address>
         <size>0xae8</size>
         <input_file_ref idref="fl-12"/>
      </object_component>
      <object_component id="oc-75">
         <name>.text</name>
         <load_address>0xaff8</load_address>
         <run_address>0xaff8</run_address>
         <size>0xaa0</size>
         <input_file_ref idref="fl-1d"/>
      </object_component>
      <object_component id="oc-131">
         <name>.text</name>
         <load_address>0xba98</load_address>
         <run_address>0xba98</run_address>
         <size>0x9a0</size>
         <input_file_ref idref="fl-b"/>
      </object_component>
      <object_component id="oc-3a">
         <name>.text</name>
         <load_address>0xc438</load_address>
         <run_address>0xc438</run_address>
         <size>0x89c</size>
         <input_file_ref idref="fl-1c"/>
      </object_component>
      <object_component id="oc-69">
         <name>.text</name>
         <load_address>0xccd4</load_address>
         <run_address>0xccd4</run_address>
         <size>0x664</size>
         <input_file_ref idref="fl-3"/>
      </object_component>
      <object_component id="oc-81">
         <name>.text</name>
         <load_address>0xd338</load_address>
         <run_address>0xd338</run_address>
         <size>0x5bc</size>
         <input_file_ref idref="fl-4"/>
      </object_component>
      <object_component id="oc-125">
         <name>.text</name>
         <load_address>0xd8f4</load_address>
         <run_address>0xd8f4</run_address>
         <size>0x36c</size>
         <input_file_ref idref="fl-5"/>
      </object_component>
      <object_component id="oc-64">
         <name>.text</name>
         <load_address>0xdc60</load_address>
         <run_address>0xdc60</run_address>
         <size>0x2d0</size>
         <input_file_ref idref="fl-13"/>
      </object_component>
      <object_component id="oc-88">
         <name>.text</name>
         <load_address>0xdf30</load_address>
         <run_address>0xdf30</run_address>
         <size>0x2c8</size>
         <input_file_ref idref="fl-15"/>
      </object_component>
      <object_component id="oc-2ab">
         <name>.text</name>
         <load_address>0xe1f8</load_address>
         <run_address>0xe1f8</run_address>
         <size>0x278</size>
         <input_file_ref idref="fl-9"/>
      </object_component>
      <object_component id="oc-35">
         <name>.text:retain</name>
         <load_address>0xe470</load_address>
         <run_address>0xe470</run_address>
         <size>0x268</size>
         <input_file_ref idref="fl-1c"/>
      </object_component>
      <object_component id="oc-22d">
         <name>.text</name>
         <load_address>0xe6d8</load_address>
         <run_address>0xe6d8</run_address>
         <size>0x238</size>
         <input_file_ref idref="fl-a"/>
      </object_component>
      <object_component id="oc-1b">
         <name>.text:retain</name>
         <load_address>0xe910</load_address>
         <run_address>0xe910</run_address>
         <size>0x21c</size>
         <input_file_ref idref="fl-1b"/>
      </object_component>
      <object_component id="oc-2bb">
         <name>.text</name>
         <load_address>0xeb2c</load_address>
         <run_address>0xeb2c</run_address>
         <size>0x1b4</size>
         <input_file_ref idref="fl-c"/>
      </object_component>
      <object_component id="oc-4c">
         <name>.text</name>
         <load_address>0xece0</load_address>
         <run_address>0xece0</run_address>
         <size>0x180</size>
         <input_file_ref idref="fl-d8"/>
      </object_component>
      <object_component id="oc-1fa">
         <name>.text</name>
         <load_address>0xee60</load_address>
         <run_address>0xee60</run_address>
         <size>0x164</size>
         <input_file_ref idref="fl-f"/>
      </object_component>
      <object_component id="oc-df">
         <name>.text</name>
         <load_address>0xefc4</load_address>
         <run_address>0xefc4</run_address>
         <size>0x150</size>
         <input_file_ref idref="fl-11"/>
      </object_component>
      <object_component id="oc-21">
         <name>.text:retain</name>
         <load_address>0xf114</load_address>
         <run_address>0xf114</run_address>
         <size>0xec</size>
         <input_file_ref idref="fl-4"/>
      </object_component>
      <object_component id="oc-a4">
         <name>.text</name>
         <load_address>0xf200</load_address>
         <run_address>0xf200</run_address>
         <size>0xe8</size>
         <input_file_ref idref="fl-2"/>
      </object_component>
      <object_component id="oc-e7">
         <name>.text</name>
         <load_address>0xf2e8</load_address>
         <run_address>0xf2e8</run_address>
         <size>0xe0</size>
         <input_file_ref idref="fl-19"/>
      </object_component>
      <object_component id="oc-d1">
         <name>.text</name>
         <load_address>0xf3c8</load_address>
         <run_address>0xf3c8</run_address>
         <size>0xb0</size>
         <input_file_ref idref="fl-d7"/>
      </object_component>
      <object_component id="oc-e">
         <name>.text:decompress:lzss:__TI_decompress_lzss</name>
         <load_address>0xf478</load_address>
         <run_address>0xf478</run_address>
         <size>0x90</size>
         <input_file_ref idref="fl-dd"/>
      </object_component>
      <object_component id="oc-90">
         <name>.text</name>
         <load_address>0xf508</load_address>
         <run_address>0xf508</run_address>
         <size>0x90</size>
         <input_file_ref idref="fl-6"/>
      </object_component>
      <object_component id="oc-f5">
         <name>.text:__TI_auto_init_nobinit_nopinit:__TI_auto_init_nobinit_nopinit</name>
         <load_address>0xf598</load_address>
         <run_address>0xf598</run_address>
         <size>0x68</size>
         <input_file_ref idref="fl-d9"/>
      </object_component>
      <object_component id="oc-23c">
         <name>.text:strlen</name>
         <load_address>0xf600</load_address>
         <run_address>0xf600</run_address>
         <size>0x20</size>
         <input_file_ref idref="fl-e0"/>
      </object_component>
      <object_component id="oc-14">
         <name>.text:decompress:none:__TI_decompress_none</name>
         <load_address>0xf620</load_address>
         <run_address>0xf620</run_address>
         <size>0x14</size>
         <input_file_ref idref="fl-dc"/>
      </object_component>
      <object_component id="oc-5e">
         <name>.text:decompress:ZI:__TI_zero_init</name>
         <load_address>0xf634</load_address>
         <run_address>0xf634</run_address>
         <size>0x10</size>
         <input_file_ref idref="fl-db"/>
      </object_component>
      <object_component id="oc-14a">
         <name>.text:abort:abort</name>
         <load_address>0xf644</load_address>
         <run_address>0xf644</run_address>
         <size>0x8</size>
         <input_file_ref idref="fl-de"/>
      </object_component>
      <object_component id="oc-2f">
         <name>.text:retain</name>
         <load_address>0xf64c</load_address>
         <run_address>0xf64c</run_address>
         <size>0x4</size>
         <input_file_ref idref="fl-18"/>
      </object_component>
      <object_component id="oc-6f">
         <name>.text</name>
         <load_address>0xf650</load_address>
         <run_address>0xf650</run_address>
         <size>0x4</size>
         <input_file_ref idref="fl-1b"/>
      </object_component>
      <object_component id="oc-27">
         <name>.const:s_vim_init</name>
         <load_address>0xf654</load_address>
         <run_address>0xf654</run_address>
         <size>0x180</size>
         <input_file_ref idref="fl-1c"/>
      </object_component>
      <object_component id="oc-158">
         <name>.kernelBSS:init</name>
         <load_address>0x80008d0</load_address>
         <run_address>0x80008d0</run_address>
         <size>0x34</size>
         <input_file_ref idref="fl-f"/>
      </object_component>
      <object_component id="oc-239">
         <name>.kernelBSS:uninit</name>
         <load_address>0x8000800</load_address>
         <run_address>0x8000800</run_address>
         <size>0xd0</size>
         <input_file_ref idref="fl-f"/>
      </object_component>
      <object_component id="oc-304">
         <name>.kernelHEAP</name>
         <uninitialized>true</uninitialized>
         <run_address>0x8001000</run_address>
         <size>0x2000</size>
         <input_file_ref idref="fl-9"/>
      </object_component>
      <object_component id="oc-2b4">
         <name>.bss:xStart</name>
         <uninitialized>true</uninitialized>
         <run_address>0x8003048</run_address>
         <size>0x8</size>
         <input_file_ref idref="fl-9"/>
      </object_component>
      <object_component id="oc-1f0">
         <name>.bss:g_spiPacket_t</name>
         <uninitialized>true</uninitialized>
         <run_address>0x8003000</run_address>
         <size>0x48</size>
         <input_file_ref idref="fl-12"/>
      </object_component>
      <object_component id="oc-143">
         <name>.common:xTask1Handle</name>
         <uninitialized>true</uninitialized>
         <run_address>0x8003054</run_address>
         <size>0x4</size>
      </object_component>
      <object_component id="oc-13d">
         <name>.common:dataconfig1_t</name>
         <uninitialized>true</uninitialized>
         <run_address>0x8003050</run_address>
         <size>0x4</size>
      </object_component>
      <object_component id="oc-2b1">
         <name>.data</name>
         <load_address>0x8003058</load_address>
         <run_address>0x8003058</run_address>
         <size>0x10</size>
         <input_file_ref idref="fl-9"/>
      </object_component>
      <object_component id="oc-15b">
         <name>.data</name>
         <load_address>0x8003078</load_address>
         <run_address>0x8003078</run_address>
         <size>0x8</size>
         <input_file_ref idref="fl-c"/>
      </object_component>
      <object_component id="oc-140">
         <name>.data</name>
         <load_address>0x8003068</load_address>
         <run_address>0x8003068</run_address>
         <size>0x10</size>
         <input_file_ref idref="fl-15"/>
      </object_component>
      <object_component id="oc-a5">
         <name>.debug_info</name>
         <load_address>0x0</load_address>
         <run_address>0x0</run_address>
         <size>0xed</size>
         <input_file_ref idref="fl-2"/>
      </object_component>
      <object_component id="oc-199">
         <name>.debug_info</name>
         <load_address>0xed</load_address>
         <run_address>0xed</run_address>
         <size>0x17e</size>
         <input_file_ref idref="fl-3"/>
      </object_component>
      <object_component id="oc-6a">
         <name>.debug_info</name>
         <load_address>0x26b</load_address>
         <run_address>0x26b</run_address>
         <size>0x62d</size>
         <input_file_ref idref="fl-3"/>
      </object_component>
      <object_component id="oc-47">
         <name>.debug_info</name>
         <load_address>0x898</load_address>
         <run_address>0x898</run_address>
         <size>0x84</size>
         <input_file_ref idref="fl-3"/>
      </object_component>
      <object_component id="oc-d9">
         <name>.debug_info</name>
         <load_address>0x91c</load_address>
         <run_address>0x91c</run_address>
         <size>0x9e7</size>
         <input_file_ref idref="fl-3"/>
      </object_component>
      <object_component id="oc-f4">
         <name>.debug_info</name>
         <load_address>0x1303</load_address>
         <run_address>0x1303</run_address>
         <size>0x1d6</size>
         <input_file_ref idref="fl-4"/>
      </object_component>
      <object_component id="oc-83">
         <name>.debug_info</name>
         <load_address>0x14d9</load_address>
         <run_address>0x14d9</run_address>
         <size>0xb19</size>
         <input_file_ref idref="fl-4"/>
      </object_component>
      <object_component id="oc-22">
         <name>.debug_info</name>
         <load_address>0x1ff2</load_address>
         <run_address>0x1ff2</run_address>
         <size>0x179</size>
         <input_file_ref idref="fl-4"/>
      </object_component>
      <object_component id="oc-161">
         <name>.debug_info</name>
         <load_address>0x216b</load_address>
         <run_address>0x216b</run_address>
         <size>0x26b</size>
         <input_file_ref idref="fl-4"/>
      </object_component>
      <object_component id="oc-97">
         <name>.debug_info</name>
         <load_address>0x23d6</load_address>
         <run_address>0x23d6</run_address>
         <size>0x157</size>
         <input_file_ref idref="fl-4"/>
      </object_component>
      <object_component id="oc-b2">
         <name>.debug_info</name>
         <load_address>0x252d</load_address>
         <run_address>0x252d</run_address>
         <size>0x8b</size>
         <input_file_ref idref="fl-4"/>
      </object_component>
      <object_component id="oc-ad">
         <name>.debug_info</name>
         <load_address>0x25b8</load_address>
         <run_address>0x25b8</run_address>
         <size>0x18c</size>
         <input_file_ref idref="fl-4"/>
      </object_component>
      <object_component id="oc-25c">
         <name>.debug_info</name>
         <load_address>0x2744</load_address>
         <run_address>0x2744</run_address>
         <size>0x297</size>
         <input_file_ref idref="fl-4"/>
      </object_component>
      <object_component id="oc-145">
         <name>.debug_info</name>
         <load_address>0x29db</load_address>
         <run_address>0x29db</run_address>
         <size>0xbb</size>
         <input_file_ref idref="fl-4"/>
      </object_component>
      <object_component id="oc-b7">
         <name>.debug_info</name>
         <load_address>0x2a96</load_address>
         <run_address>0x2a96</run_address>
         <size>0x86</size>
         <input_file_ref idref="fl-4"/>
      </object_component>
      <object_component id="oc-166">
         <name>.debug_info</name>
         <load_address>0x2b1c</load_address>
         <run_address>0x2b1c</run_address>
         <size>0x1de</size>
         <input_file_ref idref="fl-4"/>
      </object_component>
      <object_component id="oc-ef">
         <name>.debug_info</name>
         <load_address>0x2cfa</load_address>
         <run_address>0x2cfa</run_address>
         <size>0x129</size>
         <input_file_ref idref="fl-4"/>
      </object_component>
      <object_component id="oc-17f">
         <name>.debug_info</name>
         <load_address>0x2e23</load_address>
         <run_address>0x2e23</run_address>
         <size>0x2cf</size>
         <input_file_ref idref="fl-4"/>
      </object_component>
      <object_component id="oc-1ef">
         <name>.debug_info</name>
         <load_address>0x30f2</load_address>
         <run_address>0x30f2</run_address>
         <size>0x159</size>
         <input_file_ref idref="fl-5"/>
      </object_component>
      <object_component id="oc-128">
         <name>.debug_info</name>
         <load_address>0x324b</load_address>
         <run_address>0x324b</run_address>
         <size>0x6c6</size>
         <input_file_ref idref="fl-5"/>
      </object_component>
      <object_component id="oc-170">
         <name>.debug_info</name>
         <load_address>0x3911</load_address>
         <run_address>0x3911</run_address>
         <size>0x1f9</size>
         <input_file_ref idref="fl-5"/>
      </object_component>
      <object_component id="oc-290">
         <name>.debug_info</name>
         <load_address>0x3b0a</load_address>
         <run_address>0x3b0a</run_address>
         <size>0xda</size>
         <input_file_ref idref="fl-5"/>
      </object_component>
      <object_component id="oc-157">
         <name>.debug_info</name>
         <load_address>0x3be4</load_address>
         <run_address>0x3be4</run_address>
         <size>0x307</size>
         <input_file_ref idref="fl-6"/>
      </object_component>
      <object_component id="oc-91">
         <name>.debug_info</name>
         <load_address>0x3eeb</load_address>
         <run_address>0x3eeb</run_address>
         <size>0x6bf</size>
         <input_file_ref idref="fl-6"/>
      </object_component>
      <object_component id="oc-19e">
         <name>.debug_info</name>
         <load_address>0x45aa</load_address>
         <run_address>0x45aa</run_address>
         <size>0x791</size>
         <input_file_ref idref="fl-6"/>
      </object_component>
      <object_component id="oc-1a3">
         <name>.debug_info</name>
         <load_address>0x4d3b</load_address>
         <run_address>0x4d3b</run_address>
         <size>0x4de</size>
         <input_file_ref idref="fl-6"/>
      </object_component>
      <object_component id="oc-1a8">
         <name>.debug_info</name>
         <load_address>0x5219</load_address>
         <run_address>0x5219</run_address>
         <size>0x3ce</size>
         <input_file_ref idref="fl-6"/>
      </object_component>
      <object_component id="oc-1f5">
         <name>.debug_info</name>
         <load_address>0x55e7</load_address>
         <run_address>0x55e7</run_address>
         <size>0x375</size>
         <input_file_ref idref="fl-6"/>
      </object_component>
      <object_component id="oc-191">
         <name>.debug_info</name>
         <load_address>0x595c</load_address>
         <run_address>0x595c</run_address>
         <size>0x2c</size>
         <input_file_ref idref="fl-6"/>
      </object_component>
      <object_component id="oc-1ad">
         <name>.debug_info</name>
         <load_address>0x5988</load_address>
         <run_address>0x5988</run_address>
         <size>0x437</size>
         <input_file_ref idref="fl-6"/>
      </object_component>
      <object_component id="oc-1d8">
         <name>.debug_info</name>
         <load_address>0x5dbf</load_address>
         <run_address>0x5dbf</run_address>
         <size>0x37b</size>
         <input_file_ref idref="fl-6"/>
      </object_component>
      <object_component id="oc-1b2">
         <name>.debug_info</name>
         <load_address>0x613a</load_address>
         <run_address>0x613a</run_address>
         <size>0x1ca</size>
         <input_file_ref idref="fl-6"/>
      </object_component>
      <object_component id="oc-16b">
         <name>.debug_info</name>
         <load_address>0x6304</load_address>
         <run_address>0x6304</run_address>
         <size>0x435</size>
         <input_file_ref idref="fl-6"/>
      </object_component>
      <object_component id="oc-1cb">
         <name>.debug_info</name>
         <load_address>0x6739</load_address>
         <run_address>0x6739</run_address>
         <size>0x510</size>
         <input_file_ref idref="fl-6"/>
      </object_component>
      <object_component id="oc-1b7">
         <name>.debug_info</name>
         <load_address>0x6c49</load_address>
         <run_address>0x6c49</run_address>
         <size>0x3d3</size>
         <input_file_ref idref="fl-6"/>
      </object_component>
      <object_component id="oc-1c1">
         <name>.debug_info</name>
         <load_address>0x701c</load_address>
         <run_address>0x701c</run_address>
         <size>0x1de</size>
         <input_file_ref idref="fl-6"/>
      </object_component>
      <object_component id="oc-24b">
         <name>.debug_info</name>
         <load_address>0x71fa</load_address>
         <run_address>0x71fa</run_address>
         <size>0x26c</size>
         <input_file_ref idref="fl-6"/>
      </object_component>
      <object_component id="oc-1d0">
         <name>.debug_info</name>
         <load_address>0x7466</load_address>
         <run_address>0x7466</run_address>
         <size>0x17a</size>
         <input_file_ref idref="fl-6"/>
      </object_component>
      <object_component id="oc-175">
         <name>.debug_info</name>
         <load_address>0x75e0</load_address>
         <run_address>0x75e0</run_address>
         <size>0x642</size>
         <input_file_ref idref="fl-6"/>
      </object_component>
      <object_component id="oc-17a">
         <name>.debug_info</name>
         <load_address>0x7c22</load_address>
         <run_address>0x7c22</run_address>
         <size>0x13e</size>
         <input_file_ref idref="fl-6"/>
      </object_component>
      <object_component id="oc-2a8">
         <name>.debug_info</name>
         <load_address>0x7d60</load_address>
         <run_address>0x7d60</run_address>
         <size>0x1c5</size>
         <input_file_ref idref="fl-7"/>
      </object_component>
      <object_component id="oc-218">
         <name>.debug_info</name>
         <load_address>0x7f25</load_address>
         <run_address>0x7f25</run_address>
         <size>0x30c</size>
         <input_file_ref idref="fl-7"/>
      </object_component>
      <object_component id="oc-255">
         <name>.debug_info</name>
         <load_address>0x8231</load_address>
         <run_address>0x8231</run_address>
         <size>0x379</size>
         <input_file_ref idref="fl-7"/>
      </object_component>
      <object_component id="oc-20d">
         <name>.debug_info</name>
         <load_address>0x85aa</load_address>
         <run_address>0x85aa</run_address>
         <size>0xe1</size>
         <input_file_ref idref="fl-7"/>
      </object_component>
      <object_component id="oc-2ff">
         <name>.debug_info</name>
         <load_address>0x868b</load_address>
         <run_address>0x868b</run_address>
         <size>0xcc</size>
         <input_file_ref idref="fl-7"/>
      </object_component>
      <object_component id="oc-212">
         <name>.debug_info</name>
         <load_address>0x8757</load_address>
         <run_address>0x8757</run_address>
         <size>0x2c</size>
         <input_file_ref idref="fl-7"/>
      </object_component>
      <object_component id="oc-250">
         <name>.debug_info</name>
         <load_address>0x8783</load_address>
         <run_address>0x8783</run_address>
         <size>0x14c</size>
         <input_file_ref idref="fl-7"/>
      </object_component>
      <object_component id="oc-2a7">
         <name>.debug_info</name>
         <load_address>0x88cf</load_address>
         <run_address>0x88cf</run_address>
         <size>0x53c</size>
         <input_file_ref idref="fl-8"/>
      </object_component>
      <object_component id="oc-20a">
         <name>.debug_info</name>
         <load_address>0x8e0b</load_address>
         <run_address>0x8e0b</run_address>
         <size>0x1468</size>
         <input_file_ref idref="fl-8"/>
      </object_component>
      <object_component id="oc-2a1">
         <name>.debug_info</name>
         <load_address>0xa273</load_address>
         <run_address>0xa273</run_address>
         <size>0x110</size>
         <input_file_ref idref="fl-8"/>
      </object_component>
      <object_component id="oc-222">
         <name>.debug_info</name>
         <load_address>0xa383</load_address>
         <run_address>0xa383</run_address>
         <size>0x39</size>
         <input_file_ref idref="fl-8"/>
      </object_component>
      <object_component id="oc-246">
         <name>.debug_info</name>
         <load_address>0xa3bc</load_address>
         <run_address>0xa3bc</run_address>
         <size>0x46</size>
         <input_file_ref idref="fl-8"/>
      </object_component>
      <object_component id="oc-2f8">
         <name>.debug_info</name>
         <load_address>0xa402</load_address>
         <run_address>0xa402</run_address>
         <size>0x62</size>
         <input_file_ref idref="fl-8"/>
      </object_component>
      <object_component id="oc-2b8">
         <name>.debug_info</name>
         <load_address>0xa464</load_address>
         <run_address>0xa464</run_address>
         <size>0x2e4</size>
         <input_file_ref idref="fl-9"/>
      </object_component>
      <object_component id="oc-305">
         <name>.debug_info</name>
         <load_address>0xa748</load_address>
         <run_address>0xa748</run_address>
         <size>0xca</size>
         <input_file_ref idref="fl-9"/>
      </object_component>
      <object_component id="oc-2b5">
         <name>.debug_info</name>
         <load_address>0xa812</load_address>
         <run_address>0xa812</run_address>
         <size>0xca</size>
         <input_file_ref idref="fl-9"/>
      </object_component>
      <object_component id="oc-2b2">
         <name>.debug_info</name>
         <load_address>0xa8dc</load_address>
         <run_address>0xa8dc</run_address>
         <size>0x17e</size>
         <input_file_ref idref="fl-9"/>
      </object_component>
      <object_component id="oc-22a">
         <name>.debug_info</name>
         <load_address>0xaa5a</load_address>
         <run_address>0xaa5a</run_address>
         <size>0x527</size>
         <input_file_ref idref="fl-9"/>
      </object_component>
      <object_component id="oc-2ac">
         <name>.debug_info</name>
         <load_address>0xaf81</load_address>
         <run_address>0xaf81</run_address>
         <size>0x2a1</size>
         <input_file_ref idref="fl-9"/>
      </object_component>
      <object_component id="oc-30c">
         <name>.debug_info</name>
         <load_address>0xb222</load_address>
         <run_address>0xb222</run_address>
         <size>0x62</size>
         <input_file_ref idref="fl-9"/>
      </object_component>
      <object_component id="oc-2ba">
         <name>.debug_info</name>
         <load_address>0xb284</load_address>
         <run_address>0xb284</run_address>
         <size>0x21f</size>
         <input_file_ref idref="fl-a"/>
      </object_component>
      <object_component id="oc-22f">
         <name>.debug_info</name>
         <load_address>0xb4a3</load_address>
         <run_address>0xb4a3</run_address>
         <size>0x4a8</size>
         <input_file_ref idref="fl-a"/>
      </object_component>
      <object_component id="oc-217">
         <name>.debug_info</name>
         <load_address>0xb94b</load_address>
         <run_address>0xb94b</run_address>
         <size>0xceb</size>
         <input_file_ref idref="fl-b"/>
      </object_component>
      <object_component id="oc-132">
         <name>.debug_info</name>
         <load_address>0xc636</load_address>
         <run_address>0xc636</run_address>
         <size>0x3b04</size>
         <input_file_ref idref="fl-b"/>
      </object_component>
      <object_component id="oc-21d">
         <name>.debug_info</name>
         <load_address>0x1013a</load_address>
         <run_address>0x1013a</run_address>
         <size>0x46</size>
         <input_file_ref idref="fl-b"/>
      </object_component>
      <object_component id="oc-2c2">
         <name>.debug_info</name>
         <load_address>0x10180</load_address>
         <run_address>0x10180</run_address>
         <size>0x337</size>
         <input_file_ref idref="fl-c"/>
      </object_component>
      <object_component id="oc-15c">
         <name>.debug_info</name>
         <load_address>0x104b7</load_address>
         <run_address>0x104b7</run_address>
         <size>0x118</size>
         <input_file_ref idref="fl-c"/>
      </object_component>
      <object_component id="oc-234">
         <name>.debug_info</name>
         <load_address>0x105cf</load_address>
         <run_address>0x105cf</run_address>
         <size>0x5aa</size>
         <input_file_ref idref="fl-c"/>
      </object_component>
      <object_component id="oc-2bc">
         <name>.debug_info</name>
         <load_address>0x10b79</load_address>
         <run_address>0x10b79</run_address>
         <size>0x350</size>
         <input_file_ref idref="fl-c"/>
      </object_component>
      <object_component id="oc-9d">
         <name>.debug_info</name>
         <load_address>0x10ec9</load_address>
         <run_address>0x10ec9</run_address>
         <size>0x493</size>
         <input_file_ref idref="fl-d"/>
      </object_component>
      <object_component id="oc-2a0">
         <name>.debug_info</name>
         <load_address>0x1135c</load_address>
         <run_address>0x1135c</run_address>
         <size>0x596</size>
         <input_file_ref idref="fl-e"/>
      </object_component>
      <object_component id="oc-203">
         <name>.debug_info</name>
         <load_address>0x118f2</load_address>
         <run_address>0x118f2</run_address>
         <size>0x2426</size>
         <input_file_ref idref="fl-e"/>
      </object_component>
      <object_component id="oc-2f1">
         <name>.debug_info</name>
         <load_address>0x13d18</load_address>
         <run_address>0x13d18</run_address>
         <size>0x155</size>
         <input_file_ref idref="fl-e"/>
      </object_component>
      <object_component id="oc-243">
         <name>.debug_info</name>
         <load_address>0x13e6d</load_address>
         <run_address>0x13e6d</run_address>
         <size>0x70d</size>
         <input_file_ref idref="fl-f"/>
      </object_component>
      <object_component id="oc-159">
         <name>.debug_info</name>
         <load_address>0x1457a</load_address>
         <run_address>0x1457a</run_address>
         <size>0x33b</size>
         <input_file_ref idref="fl-f"/>
      </object_component>
      <object_component id="oc-23a">
         <name>.debug_info</name>
         <load_address>0x148b5</load_address>
         <run_address>0x148b5</run_address>
         <size>0x267</size>
         <input_file_ref idref="fl-f"/>
      </object_component>
      <object_component id="oc-138">
         <name>.debug_info</name>
         <load_address>0x14b1c</load_address>
         <run_address>0x14b1c</run_address>
         <size>0x4bf9</size>
         <input_file_ref idref="fl-f"/>
      </object_component>
      <object_component id="oc-1fb">
         <name>.debug_info</name>
         <load_address>0x19715</load_address>
         <run_address>0x19715</run_address>
         <size>0x3f7</size>
         <input_file_ref idref="fl-f"/>
      </object_component>
      <object_component id="oc-2c9">
         <name>.debug_info</name>
         <load_address>0x19b0c</load_address>
         <run_address>0x19b0c</run_address>
         <size>0x146</size>
         <input_file_ref idref="fl-f"/>
      </object_component>
      <object_component id="oc-19b">
         <name>.debug_info</name>
         <load_address>0x19c52</load_address>
         <run_address>0x19c52</run_address>
         <size>0x140</size>
         <input_file_ref idref="fl-11"/>
      </object_component>
      <object_component id="oc-e1">
         <name>.debug_info</name>
         <load_address>0x19d92</load_address>
         <run_address>0x19d92</run_address>
         <size>0x1d3</size>
         <input_file_ref idref="fl-11"/>
      </object_component>
      <object_component id="oc-1bc">
         <name>.debug_info</name>
         <load_address>0x19f65</load_address>
         <run_address>0x19f65</run_address>
         <size>0x1d8</size>
         <input_file_ref idref="fl-11"/>
      </object_component>
      <object_component id="oc-275">
         <name>.debug_info</name>
         <load_address>0x1a13d</load_address>
         <run_address>0x1a13d</run_address>
         <size>0xc6</size>
         <input_file_ref idref="fl-11"/>
      </object_component>
      <object_component id="oc-1f4">
         <name>.debug_info</name>
         <load_address>0x1a203</load_address>
         <run_address>0x1a203</run_address>
         <size>0x190</size>
         <input_file_ref idref="fl-12"/>
      </object_component>
      <object_component id="oc-1f1">
         <name>.debug_info</name>
         <load_address>0x1a393</load_address>
         <run_address>0x1a393</run_address>
         <size>0xd4</size>
         <input_file_ref idref="fl-12"/>
      </object_component>
      <object_component id="oc-12c">
         <name>.debug_info</name>
         <load_address>0x1a467</load_address>
         <run_address>0x1a467</run_address>
         <size>0xf66</size>
         <input_file_ref idref="fl-12"/>
      </object_component>
      <object_component id="oc-299">
         <name>.debug_info</name>
         <load_address>0x1b3cd</load_address>
         <run_address>0x1b3cd</run_address>
         <size>0xb9</size>
         <input_file_ref idref="fl-12"/>
      </object_component>
      <object_component id="oc-65">
         <name>.debug_info</name>
         <load_address>0x1b486</load_address>
         <run_address>0x1b486</run_address>
         <size>0x76e</size>
         <input_file_ref idref="fl-13"/>
      </object_component>
      <object_component id="oc-2b">
         <name>.debug_info</name>
         <load_address>0x1bbf4</load_address>
         <run_address>0x1bbf4</run_address>
         <size>0xf5</size>
         <input_file_ref idref="fl-14"/>
      </object_component>
      <object_component id="oc-13e">
         <name>.debug_info</name>
         <load_address>0x1bce9</load_address>
         <run_address>0x1bce9</run_address>
         <size>0x537</size>
         <input_file_ref idref="fl-15"/>
      </object_component>
      <object_component id="oc-141">
         <name>.debug_info</name>
         <load_address>0x1c220</load_address>
         <run_address>0x1c220</run_address>
         <size>0x14f</size>
         <input_file_ref idref="fl-15"/>
      </object_component>
      <object_component id="oc-89">
         <name>.debug_info</name>
         <load_address>0x1c36f</load_address>
         <run_address>0x1c36f</run_address>
         <size>0x636</size>
         <input_file_ref idref="fl-15"/>
      </object_component>
      <object_component id="oc-27a">
         <name>.debug_info</name>
         <load_address>0x1c9a5</load_address>
         <run_address>0x1c9a5</run_address>
         <size>0x15f</size>
         <input_file_ref idref="fl-17"/>
      </object_component>
      <object_component id="oc-2de">
         <name>.debug_info</name>
         <load_address>0x1cb04</load_address>
         <run_address>0x1cb04</run_address>
         <size>0x242</size>
         <input_file_ref idref="fl-17"/>
      </object_component>
      <object_component id="oc-1c6">
         <name>.debug_info</name>
         <load_address>0x1cd46</load_address>
         <run_address>0x1cd46</run_address>
         <size>0x2af</size>
         <input_file_ref idref="fl-17"/>
      </object_component>
      <object_component id="oc-30">
         <name>.debug_info</name>
         <load_address>0x1cff5</load_address>
         <run_address>0x1cff5</run_address>
         <size>0x12a</size>
         <input_file_ref idref="fl-18"/>
      </object_component>
      <object_component id="oc-ea">
         <name>.debug_info</name>
         <load_address>0x1d11f</load_address>
         <run_address>0x1d11f</run_address>
         <size>0x354</size>
         <input_file_ref idref="fl-19"/>
      </object_component>
      <object_component id="oc-ed">
         <name>.debug_info</name>
         <load_address>0x1d473</load_address>
         <run_address>0x1d473</run_address>
         <size>0x521</size>
         <input_file_ref idref="fl-1a"/>
      </object_component>
      <object_component id="oc-7d">
         <name>.debug_info</name>
         <load_address>0x1d994</load_address>
         <run_address>0x1d994</run_address>
         <size>0x27ef</size>
         <input_file_ref idref="fl-1a"/>
      </object_component>
      <object_component id="oc-1d">
         <name>.debug_info</name>
         <load_address>0x20183</load_address>
         <run_address>0x20183</run_address>
         <size>0x511</size>
         <input_file_ref idref="fl-1b"/>
      </object_component>
      <object_component id="oc-71">
         <name>.debug_info</name>
         <load_address>0x20694</load_address>
         <run_address>0x20694</run_address>
         <size>0x123</size>
         <input_file_ref idref="fl-1b"/>
      </object_component>
      <object_component id="oc-a3">
         <name>.debug_info</name>
         <load_address>0x207b7</load_address>
         <run_address>0x207b7</run_address>
         <size>0x359</size>
         <input_file_ref idref="fl-1c"/>
      </object_component>
      <object_component id="oc-28">
         <name>.debug_info</name>
         <load_address>0x20b10</load_address>
         <run_address>0x20b10</run_address>
         <size>0xd2</size>
         <input_file_ref idref="fl-1c"/>
      </object_component>
      <object_component id="oc-3d">
         <name>.debug_info</name>
         <load_address>0x20be2</load_address>
         <run_address>0x20be2</run_address>
         <size>0x464</size>
         <input_file_ref idref="fl-1c"/>
      </object_component>
      <object_component id="oc-37">
         <name>.debug_info</name>
         <load_address>0x21046</load_address>
         <run_address>0x21046</run_address>
         <size>0x1ed</size>
         <input_file_ref idref="fl-1c"/>
      </object_component>
      <object_component id="oc-184">
         <name>.debug_info</name>
         <load_address>0x21233</load_address>
         <run_address>0x21233</run_address>
         <size>0x4f</size>
         <input_file_ref idref="fl-1c"/>
      </object_component>
      <object_component id="oc-e6">
         <name>.debug_info</name>
         <load_address>0x21282</load_address>
         <run_address>0x21282</run_address>
         <size>0x3cd</size>
         <input_file_ref idref="fl-1d"/>
      </object_component>
      <object_component id="oc-77">
         <name>.debug_info</name>
         <load_address>0x2164f</load_address>
         <run_address>0x2164f</run_address>
         <size>0x7c7</size>
         <input_file_ref idref="fl-1d"/>
      </object_component>
      <object_component id="oc-d2">
         <name>.debug_info</name>
         <load_address>0x21e16</load_address>
         <run_address>0x21e16</run_address>
         <size>0x11a</size>
         <input_file_ref idref="fl-d7"/>
      </object_component>
      <object_component id="oc-4f">
         <name>.debug_info</name>
         <load_address>0x21f30</load_address>
         <run_address>0x21f30</run_address>
         <size>0x152</size>
         <input_file_ref idref="fl-d8"/>
      </object_component>
      <object_component id="oc-1e0">
         <name>.debug_info</name>
         <load_address>0x22082</load_address>
         <run_address>0x22082</run_address>
         <size>0x353</size>
         <input_file_ref idref="fl-d9"/>
      </object_component>
      <object_component id="oc-f9">
         <name>.debug_info</name>
         <load_address>0x223d5</load_address>
         <run_address>0x223d5</run_address>
         <size>0x174</size>
         <input_file_ref idref="fl-d9"/>
      </object_component>
      <object_component id="oc-27d">
         <name>.debug_info</name>
         <load_address>0x22549</load_address>
         <run_address>0x22549</run_address>
         <size>0x39</size>
         <input_file_ref idref="fl-d9"/>
      </object_component>
      <object_component id="oc-2e3">
         <name>.debug_info</name>
         <load_address>0x22582</load_address>
         <run_address>0x22582</run_address>
         <size>0x39</size>
         <input_file_ref idref="fl-d9"/>
      </object_component>
      <object_component id="oc-282">
         <name>.debug_info</name>
         <load_address>0x225bb</load_address>
         <run_address>0x225bb</run_address>
         <size>0x39</size>
         <input_file_ref idref="fl-d9"/>
      </object_component>
      <object_component id="oc-287">
         <name>.debug_info</name>
         <load_address>0x225f4</load_address>
         <run_address>0x225f4</run_address>
         <size>0xcd</size>
         <input_file_ref idref="fl-d9"/>
      </object_component>
      <object_component id="oc-d0">
         <name>.debug_info</name>
         <load_address>0x226c1</load_address>
         <run_address>0x226c1</run_address>
         <size>0x16f</size>
         <input_file_ref idref="fl-db"/>
      </object_component>
      <object_component id="oc-60">
         <name>.debug_info</name>
         <load_address>0x22830</load_address>
         <run_address>0x22830</run_address>
         <size>0x16e</size>
         <input_file_ref idref="fl-db"/>
      </object_component>
      <object_component id="oc-cb">
         <name>.debug_info</name>
         <load_address>0x2299e</load_address>
         <run_address>0x2299e</run_address>
         <size>0x46</size>
         <input_file_ref idref="fl-db"/>
      </object_component>
      <object_component id="oc-57">
         <name>.debug_info</name>
         <load_address>0x229e4</load_address>
         <run_address>0x229e4</run_address>
         <size>0x143</size>
         <input_file_ref idref="fl-dc"/>
      </object_component>
      <object_component id="oc-16">
         <name>.debug_info</name>
         <load_address>0x22b27</load_address>
         <run_address>0x22b27</run_address>
         <size>0x1a3</size>
         <input_file_ref idref="fl-dc"/>
      </object_component>
      <object_component id="oc-52">
         <name>.debug_info</name>
         <load_address>0x22cca</load_address>
         <run_address>0x22cca</run_address>
         <size>0x46</size>
         <input_file_ref idref="fl-dc"/>
      </object_component>
      <object_component id="oc-c3">
         <name>.debug_info</name>
         <load_address>0x22d10</load_address>
         <run_address>0x22d10</run_address>
         <size>0x2c</size>
         <input_file_ref idref="fl-dc"/>
      </object_component>
      <object_component id="oc-c1">
         <name>.debug_info</name>
         <load_address>0x22d3c</load_address>
         <run_address>0x22d3c</run_address>
         <size>0x13e</size>
         <input_file_ref idref="fl-dd"/>
      </object_component>
      <object_component id="oc-11">
         <name>.debug_info</name>
         <load_address>0x22e7a</load_address>
         <run_address>0x22e7a</run_address>
         <size>0x21e</size>
         <input_file_ref idref="fl-dd"/>
      </object_component>
      <object_component id="oc-42">
         <name>.debug_info</name>
         <load_address>0x23098</load_address>
         <run_address>0x23098</run_address>
         <size>0x60</size>
         <input_file_ref idref="fl-dd"/>
      </object_component>
      <object_component id="oc-18a">
         <name>.debug_info</name>
         <load_address>0x230f8</load_address>
         <run_address>0x230f8</run_address>
         <size>0x46</size>
         <input_file_ref idref="fl-dd"/>
      </object_component>
      <object_component id="oc-bc">
         <name>.debug_info</name>
         <load_address>0x2313e</load_address>
         <run_address>0x2313e</run_address>
         <size>0x39</size>
         <input_file_ref idref="fl-dd"/>
      </object_component>
      <object_component id="oc-14c">
         <name>.debug_info</name>
         <load_address>0x23177</load_address>
         <run_address>0x23177</run_address>
         <size>0xf0</size>
         <input_file_ref idref="fl-de"/>
      </object_component>
      <object_component id="oc-2c6">
         <name>.debug_info</name>
         <load_address>0x23267</load_address>
         <run_address>0x23267</run_address>
         <size>0x12f</size>
         <input_file_ref idref="fl-e0"/>
      </object_component>
      <object_component id="oc-240">
         <name>.debug_info</name>
         <load_address>0x23396</load_address>
         <run_address>0x23396</run_address>
         <size>0x1b1</size>
         <input_file_ref idref="fl-e0"/>
      </object_component>
      <object_component id="oc-349">
         <name>.debug_info</name>
         <load_address>0x23547</load_address>
         <run_address>0x23547</run_address>
         <size>0x94</size>
      </object_component>
      <object_component id="oc-a8">
         <name>.debug_line</name>
         <load_address>0x0</load_address>
         <run_address>0x0</run_address>
         <size>0x78</size>
         <input_file_ref idref="fl-2"/>
      </object_component>
      <object_component id="oc-272">
         <name>.debug_line</name>
         <load_address>0x78</load_address>
         <run_address>0x78</run_address>
         <size>0x20</size>
         <input_file_ref idref="fl-3"/>
      </object_component>
      <object_component id="oc-6d">
         <name>.debug_line</name>
         <load_address>0x98</load_address>
         <run_address>0x98</run_address>
         <size>0x1fb</size>
         <input_file_ref idref="fl-3"/>
      </object_component>
      <object_component id="oc-4a">
         <name>.debug_line</name>
         <load_address>0x293</load_address>
         <run_address>0x293</run_address>
         <size>0x20</size>
         <input_file_ref idref="fl-3"/>
      </object_component>
      <object_component id="oc-dc">
         <name>.debug_line</name>
         <load_address>0x2b3</load_address>
         <run_address>0x2b3</run_address>
         <size>0x63</size>
         <input_file_ref idref="fl-3"/>
      </object_component>
      <object_component id="oc-1de">
         <name>.debug_line</name>
         <load_address>0x316</load_address>
         <run_address>0x316</run_address>
         <size>0x50</size>
         <input_file_ref idref="fl-4"/>
      </object_component>
      <object_component id="oc-82">
         <name>.debug_line</name>
         <load_address>0x366</load_address>
         <run_address>0x366</run_address>
         <size>0x289</size>
         <input_file_ref idref="fl-4"/>
      </object_component>
      <object_component id="oc-25">
         <name>.debug_line</name>
         <load_address>0x5ef</load_address>
         <run_address>0x5ef</run_address>
         <size>0x6e</size>
         <input_file_ref idref="fl-4"/>
      </object_component>
      <object_component id="oc-164">
         <name>.debug_line</name>
         <load_address>0x65d</load_address>
         <run_address>0x65d</run_address>
         <size>0x6f</size>
         <input_file_ref idref="fl-4"/>
      </object_component>
      <object_component id="oc-9a">
         <name>.debug_line</name>
         <load_address>0x6cc</load_address>
         <run_address>0x6cc</run_address>
         <size>0x59</size>
         <input_file_ref idref="fl-4"/>
      </object_component>
      <object_component id="oc-b5">
         <name>.debug_line</name>
         <load_address>0x725</load_address>
         <run_address>0x725</run_address>
         <size>0x20</size>
         <input_file_ref idref="fl-4"/>
      </object_component>
      <object_component id="oc-b0">
         <name>.debug_line</name>
         <load_address>0x745</load_address>
         <run_address>0x745</run_address>
         <size>0x54</size>
         <input_file_ref idref="fl-4"/>
      </object_component>
      <object_component id="oc-25f">
         <name>.debug_line</name>
         <load_address>0x799</load_address>
         <run_address>0x799</run_address>
         <size>0x73</size>
         <input_file_ref idref="fl-4"/>
      </object_component>
      <object_component id="oc-148">
         <name>.debug_line</name>
         <load_address>0x80c</load_address>
         <run_address>0x80c</run_address>
         <size>0x70</size>
         <input_file_ref idref="fl-4"/>
      </object_component>
      <object_component id="oc-ba">
         <name>.debug_line</name>
         <load_address>0x87c</load_address>
         <run_address>0x87c</run_address>
         <size>0x57</size>
         <input_file_ref idref="fl-4"/>
      </object_component>
      <object_component id="oc-169">
         <name>.debug_line</name>
         <load_address>0x8d3</load_address>
         <run_address>0x8d3</run_address>
         <size>0x54</size>
         <input_file_ref idref="fl-4"/>
      </object_component>
      <object_component id="oc-f2">
         <name>.debug_line</name>
         <load_address>0x927</load_address>
         <run_address>0x927</run_address>
         <size>0x50</size>
         <input_file_ref idref="fl-4"/>
      </object_component>
      <object_component id="oc-182">
         <name>.debug_line</name>
         <load_address>0x977</load_address>
         <run_address>0x977</run_address>
         <size>0x54</size>
         <input_file_ref idref="fl-4"/>
      </object_component>
      <object_component id="oc-28f">
         <name>.debug_line</name>
         <load_address>0x9cb</load_address>
         <run_address>0x9cb</run_address>
         <size>0x20</size>
         <input_file_ref idref="fl-5"/>
      </object_component>
      <object_component id="oc-127">
         <name>.debug_line</name>
         <load_address>0x9eb</load_address>
         <run_address>0x9eb</run_address>
         <size>0x17f</size>
         <input_file_ref idref="fl-5"/>
      </object_component>
      <object_component id="oc-173">
         <name>.debug_line</name>
         <load_address>0xb6a</load_address>
         <run_address>0xb6a</run_address>
         <size>0x54</size>
         <input_file_ref idref="fl-5"/>
      </object_component>
      <object_component id="oc-293">
         <name>.debug_line</name>
         <load_address>0xbbe</load_address>
         <run_address>0xbbe</run_address>
         <size>0x50</size>
         <input_file_ref idref="fl-5"/>
      </object_component>
      <object_component id="oc-26c">
         <name>.debug_line</name>
         <load_address>0xc0e</load_address>
         <run_address>0xc0e</run_address>
         <size>0x20</size>
         <input_file_ref idref="fl-6"/>
      </object_component>
      <object_component id="oc-95">
         <name>.debug_line</name>
         <load_address>0xc2e</load_address>
         <run_address>0xc2e</run_address>
         <size>0xd2</size>
         <input_file_ref idref="fl-6"/>
      </object_component>
      <object_component id="oc-1a1">
         <name>.debug_line</name>
         <load_address>0xd00</load_address>
         <run_address>0xd00</run_address>
         <size>0x54</size>
         <input_file_ref idref="fl-6"/>
      </object_component>
      <object_component id="oc-1a6">
         <name>.debug_line</name>
         <load_address>0xd54</load_address>
         <run_address>0xd54</run_address>
         <size>0x57</size>
         <input_file_ref idref="fl-6"/>
      </object_component>
      <object_component id="oc-1ab">
         <name>.debug_line</name>
         <load_address>0xdab</load_address>
         <run_address>0xdab</run_address>
         <size>0x54</size>
         <input_file_ref idref="fl-6"/>
      </object_component>
      <object_component id="oc-1f8">
         <name>.debug_line</name>
         <load_address>0xdff</load_address>
         <run_address>0xdff</run_address>
         <size>0x50</size>
         <input_file_ref idref="fl-6"/>
      </object_component>
      <object_component id="oc-194">
         <name>.debug_line</name>
         <load_address>0xe4f</load_address>
         <run_address>0xe4f</run_address>
         <size>0x6b</size>
         <input_file_ref idref="fl-6"/>
      </object_component>
      <object_component id="oc-1b0">
         <name>.debug_line</name>
         <load_address>0xeba</load_address>
         <run_address>0xeba</run_address>
         <size>0x54</size>
         <input_file_ref idref="fl-6"/>
      </object_component>
      <object_component id="oc-1db">
         <name>.debug_line</name>
         <load_address>0xf0e</load_address>
         <run_address>0xf0e</run_address>
         <size>0x59</size>
         <input_file_ref idref="fl-6"/>
      </object_component>
      <object_component id="oc-1b5">
         <name>.debug_line</name>
         <load_address>0xf67</load_address>
         <run_address>0xf67</run_address>
         <size>0x54</size>
         <input_file_ref idref="fl-6"/>
      </object_component>
      <object_component id="oc-16e">
         <name>.debug_line</name>
         <load_address>0xfbb</load_address>
         <run_address>0xfbb</run_address>
         <size>0x56</size>
         <input_file_ref idref="fl-6"/>
      </object_component>
      <object_component id="oc-1ce">
         <name>.debug_line</name>
         <load_address>0x1011</load_address>
         <run_address>0x1011</run_address>
         <size>0x53</size>
         <input_file_ref idref="fl-6"/>
      </object_component>
      <object_component id="oc-1ba">
         <name>.debug_line</name>
         <load_address>0x1064</load_address>
         <run_address>0x1064</run_address>
         <size>0x54</size>
         <input_file_ref idref="fl-6"/>
      </object_component>
      <object_component id="oc-1c4">
         <name>.debug_line</name>
         <load_address>0x10b8</load_address>
         <run_address>0x10b8</run_address>
         <size>0x56</size>
         <input_file_ref idref="fl-6"/>
      </object_component>
      <object_component id="oc-24e">
         <name>.debug_line</name>
         <load_address>0x110e</load_address>
         <run_address>0x110e</run_address>
         <size>0x54</size>
         <input_file_ref idref="fl-6"/>
      </object_component>
      <object_component id="oc-1d3">
         <name>.debug_line</name>
         <load_address>0x1162</load_address>
         <run_address>0x1162</run_address>
         <size>0x54</size>
         <input_file_ref idref="fl-6"/>
      </object_component>
      <object_component id="oc-178">
         <name>.debug_line</name>
         <load_address>0x11b6</load_address>
         <run_address>0x11b6</run_address>
         <size>0x57</size>
         <input_file_ref idref="fl-6"/>
      </object_component>
      <object_component id="oc-17d">
         <name>.debug_line</name>
         <load_address>0x120d</load_address>
         <run_address>0x120d</run_address>
         <size>0x56</size>
         <input_file_ref idref="fl-6"/>
      </object_component>
      <object_component id="oc-2fe">
         <name>.debug_line</name>
         <load_address>0x1263</load_address>
         <run_address>0x1263</run_address>
         <size>0x20</size>
         <input_file_ref idref="fl-7"/>
      </object_component>
      <object_component id="oc-21b">
         <name>.debug_line</name>
         <load_address>0x1283</load_address>
         <run_address>0x1283</run_address>
         <size>0x54</size>
         <input_file_ref idref="fl-7"/>
      </object_component>
      <object_component id="oc-258">
         <name>.debug_line</name>
         <load_address>0x12d7</load_address>
         <run_address>0x12d7</run_address>
         <size>0x55</size>
         <input_file_ref idref="fl-7"/>
      </object_component>
      <object_component id="oc-210">
         <name>.debug_line</name>
         <load_address>0x132c</load_address>
         <run_address>0x132c</run_address>
         <size>0x59</size>
         <input_file_ref idref="fl-7"/>
      </object_component>
      <object_component id="oc-302">
         <name>.debug_line</name>
         <load_address>0x1385</load_address>
         <run_address>0x1385</run_address>
         <size>0x58</size>
         <input_file_ref idref="fl-7"/>
      </object_component>
      <object_component id="oc-215">
         <name>.debug_line</name>
         <load_address>0x13dd</load_address>
         <run_address>0x13dd</run_address>
         <size>0x58</size>
         <input_file_ref idref="fl-7"/>
      </object_component>
      <object_component id="oc-253">
         <name>.debug_line</name>
         <load_address>0x1435</load_address>
         <run_address>0x1435</run_address>
         <size>0x54</size>
         <input_file_ref idref="fl-7"/>
      </object_component>
      <object_component id="oc-2f7">
         <name>.debug_line</name>
         <load_address>0x1489</load_address>
         <run_address>0x1489</run_address>
         <size>0xf9</size>
         <input_file_ref idref="fl-8"/>
      </object_component>
      <object_component id="oc-209">
         <name>.debug_line</name>
         <load_address>0x1582</load_address>
         <run_address>0x1582</run_address>
         <size>0x2ec</size>
         <input_file_ref idref="fl-8"/>
      </object_component>
      <object_component id="oc-2a4">
         <name>.debug_line</name>
         <load_address>0x186e</load_address>
         <run_address>0x186e</run_address>
         <size>0x6b</size>
         <input_file_ref idref="fl-8"/>
      </object_component>
      <object_component id="oc-225">
         <name>.debug_line</name>
         <load_address>0x18d9</load_address>
         <run_address>0x18d9</run_address>
         <size>0x5c</size>
         <input_file_ref idref="fl-8"/>
      </object_component>
      <object_component id="oc-249">
         <name>.debug_line</name>
         <load_address>0x1935</load_address>
         <run_address>0x1935</run_address>
         <size>0x55</size>
         <input_file_ref idref="fl-8"/>
      </object_component>
      <object_component id="oc-2fb">
         <name>.debug_line</name>
         <load_address>0x198a</load_address>
         <run_address>0x198a</run_address>
         <size>0x3f</size>
         <input_file_ref idref="fl-8"/>
      </object_component>
      <object_component id="oc-312">
         <name>.debug_line</name>
         <load_address>0x19c9</load_address>
         <run_address>0x19c9</run_address>
         <size>0x8d</size>
         <input_file_ref idref="fl-9"/>
      </object_component>
      <object_component id="oc-31e">
         <name>.debug_line</name>
         <load_address>0x1a56</load_address>
         <run_address>0x1a56</run_address>
         <size>0x37</size>
         <input_file_ref idref="fl-9"/>
      </object_component>
      <object_component id="oc-30b">
         <name>.debug_line</name>
         <load_address>0x1a8d</load_address>
         <run_address>0x1a8d</run_address>
         <size>0x37</size>
         <input_file_ref idref="fl-9"/>
      </object_component>
      <object_component id="oc-309">
         <name>.debug_line</name>
         <load_address>0x1ac4</load_address>
         <run_address>0x1ac4</run_address>
         <size>0x37</size>
         <input_file_ref idref="fl-9"/>
      </object_component>
      <object_component id="oc-229">
         <name>.debug_line</name>
         <load_address>0x1afb</load_address>
         <run_address>0x1afb</run_address>
         <size>0x11b</size>
         <input_file_ref idref="fl-9"/>
      </object_component>
      <object_component id="oc-2b0">
         <name>.debug_line</name>
         <load_address>0x1c16</load_address>
         <run_address>0x1c16</run_address>
         <size>0xb0</size>
         <input_file_ref idref="fl-9"/>
      </object_component>
      <object_component id="oc-30f">
         <name>.debug_line</name>
         <load_address>0x1cc6</load_address>
         <run_address>0x1cc6</run_address>
         <size>0x37</size>
         <input_file_ref idref="fl-9"/>
      </object_component>
      <object_component id="oc-314">
         <name>.debug_line</name>
         <load_address>0x1cfd</load_address>
         <run_address>0x1cfd</run_address>
         <size>0x20</size>
         <input_file_ref idref="fl-a"/>
      </object_component>
      <object_component id="oc-22e">
         <name>.debug_line</name>
         <load_address>0x1d1d</load_address>
         <run_address>0x1d1d</run_address>
         <size>0xef</size>
         <input_file_ref idref="fl-a"/>
      </object_component>
      <object_component id="oc-2aa">
         <name>.debug_line</name>
         <load_address>0x1e0c</load_address>
         <run_address>0x1e0c</run_address>
         <size>0xe4</size>
         <input_file_ref idref="fl-b"/>
      </object_component>
      <object_component id="oc-135">
         <name>.debug_line</name>
         <load_address>0x1ef0</load_address>
         <run_address>0x1ef0</run_address>
         <size>0x570</size>
         <input_file_ref idref="fl-b"/>
      </object_component>
      <object_component id="oc-220">
         <name>.debug_line</name>
         <load_address>0x2460</load_address>
         <run_address>0x2460</run_address>
         <size>0x55</size>
         <input_file_ref idref="fl-b"/>
      </object_component>
      <object_component id="oc-317">
         <name>.debug_line</name>
         <load_address>0x24b5</load_address>
         <run_address>0x24b5</run_address>
         <size>0xa5</size>
         <input_file_ref idref="fl-c"/>
      </object_component>
      <object_component id="oc-270">
         <name>.debug_line</name>
         <load_address>0x255a</load_address>
         <run_address>0x255a</run_address>
         <size>0x37</size>
         <input_file_ref idref="fl-c"/>
      </object_component>
      <object_component id="oc-237">
         <name>.debug_line</name>
         <load_address>0x2591</load_address>
         <run_address>0x2591</run_address>
         <size>0x113</size>
         <input_file_ref idref="fl-c"/>
      </object_component>
      <object_component id="oc-2bf">
         <name>.debug_line</name>
         <load_address>0x26a4</load_address>
         <run_address>0x26a4</run_address>
         <size>0xac</size>
         <input_file_ref idref="fl-c"/>
      </object_component>
      <object_component id="oc-a0">
         <name>.debug_line</name>
         <load_address>0x2750</load_address>
         <run_address>0x2750</run_address>
         <size>0x208</size>
         <input_file_ref idref="fl-d"/>
      </object_component>
      <object_component id="oc-2f0">
         <name>.debug_line</name>
         <load_address>0x2958</load_address>
         <run_address>0x2958</run_address>
         <size>0xf9</size>
         <input_file_ref idref="fl-e"/>
      </object_component>
      <object_component id="oc-205">
         <name>.debug_line</name>
         <load_address>0x2a51</load_address>
         <run_address>0x2a51</run_address>
         <size>0x5ae</size>
         <input_file_ref idref="fl-e"/>
      </object_component>
      <object_component id="oc-2f4">
         <name>.debug_line</name>
         <load_address>0x2fff</load_address>
         <run_address>0x2fff</run_address>
         <size>0x38</size>
         <input_file_ref idref="fl-e"/>
      </object_component>
      <object_component id="oc-2c8">
         <name>.debug_line</name>
         <load_address>0x3037</load_address>
         <run_address>0x3037</run_address>
         <size>0x110</size>
         <input_file_ref idref="fl-f"/>
      </object_component>
      <object_component id="oc-26e">
         <name>.debug_line</name>
         <load_address>0x3147</load_address>
         <run_address>0x3147</run_address>
         <size>0x38</size>
         <input_file_ref idref="fl-f"/>
      </object_component>
      <object_component id="oc-2c4">
         <name>.debug_line</name>
         <load_address>0x317f</load_address>
         <run_address>0x317f</run_address>
         <size>0x38</size>
         <input_file_ref idref="fl-f"/>
      </object_component>
      <object_component id="oc-13b">
         <name>.debug_line</name>
         <load_address>0x31b7</load_address>
         <run_address>0x31b7</run_address>
         <size>0xc97</size>
         <input_file_ref idref="fl-f"/>
      </object_component>
      <object_component id="oc-1fe">
         <name>.debug_line</name>
         <load_address>0x3e4e</load_address>
         <run_address>0x3e4e</run_address>
         <size>0xc2</size>
         <input_file_ref idref="fl-f"/>
      </object_component>
      <object_component id="oc-2cc">
         <name>.debug_line</name>
         <load_address>0x3f10</load_address>
         <run_address>0x3f10</run_address>
         <size>0x38</size>
         <input_file_ref idref="fl-f"/>
      </object_component>
      <object_component id="oc-274">
         <name>.debug_line</name>
         <load_address>0x3f48</load_address>
         <run_address>0x3f48</run_address>
         <size>0x20</size>
         <input_file_ref idref="fl-11"/>
      </object_component>
      <object_component id="oc-e4">
         <name>.debug_line</name>
         <load_address>0x3f68</load_address>
         <run_address>0x3f68</run_address>
         <size>0x81</size>
         <input_file_ref idref="fl-11"/>
      </object_component>
      <object_component id="oc-1bf">
         <name>.debug_line</name>
         <load_address>0x3fe9</load_address>
         <run_address>0x3fe9</run_address>
         <size>0x57</size>
         <input_file_ref idref="fl-11"/>
      </object_component>
      <object_component id="oc-278">
         <name>.debug_line</name>
         <load_address>0x4040</load_address>
         <run_address>0x4040</run_address>
         <size>0x53</size>
         <input_file_ref idref="fl-11"/>
      </object_component>
      <object_component id="oc-298">
         <name>.debug_line</name>
         <load_address>0x4093</load_address>
         <run_address>0x4093</run_address>
         <size>0x20</size>
         <input_file_ref idref="fl-12"/>
      </object_component>
      <object_component id="oc-296">
         <name>.debug_line</name>
         <load_address>0x40b3</load_address>
         <run_address>0x40b3</run_address>
         <size>0x33</size>
         <input_file_ref idref="fl-12"/>
      </object_component>
      <object_component id="oc-12f">
         <name>.debug_line</name>
         <load_address>0x40e6</load_address>
         <run_address>0x40e6</run_address>
         <size>0x2e2</size>
         <input_file_ref idref="fl-12"/>
      </object_component>
      <object_component id="oc-29c">
         <name>.debug_line</name>
         <load_address>0x43c8</load_address>
         <run_address>0x43c8</run_address>
         <size>0x33</size>
         <input_file_ref idref="fl-12"/>
      </object_component>
      <object_component id="oc-68">
         <name>.debug_line</name>
         <load_address>0x43fb</load_address>
         <run_address>0x43fb</run_address>
         <size>0x2a5</size>
         <input_file_ref idref="fl-13"/>
      </object_component>
      <object_component id="oc-2e">
         <name>.debug_line</name>
         <load_address>0x46a0</load_address>
         <run_address>0x46a0</run_address>
         <size>0x4f</size>
         <input_file_ref idref="fl-14"/>
      </object_component>
      <object_component id="oc-245">
         <name>.debug_line</name>
         <load_address>0x46ef</load_address>
         <run_address>0x46ef</run_address>
         <size>0xcc</size>
         <input_file_ref idref="fl-15"/>
      </object_component>
      <object_component id="oc-25b">
         <name>.debug_line</name>
         <load_address>0x47bb</load_address>
         <run_address>0x47bb</run_address>
         <size>0x38</size>
         <input_file_ref idref="fl-15"/>
      </object_component>
      <object_component id="oc-8c">
         <name>.debug_line</name>
         <load_address>0x47f3</load_address>
         <run_address>0x47f3</run_address>
         <size>0x129</size>
         <input_file_ref idref="fl-15"/>
      </object_component>
      <object_component id="oc-2dd">
         <name>.debug_line</name>
         <load_address>0x491c</load_address>
         <run_address>0x491c</run_address>
         <size>0x20</size>
         <input_file_ref idref="fl-17"/>
      </object_component>
      <object_component id="oc-2e1">
         <name>.debug_line</name>
         <load_address>0x493c</load_address>
         <run_address>0x493c</run_address>
         <size>0x54</size>
         <input_file_ref idref="fl-17"/>
      </object_component>
      <object_component id="oc-1c9">
         <name>.debug_line</name>
         <load_address>0x4990</load_address>
         <run_address>0x4990</run_address>
         <size>0x54</size>
         <input_file_ref idref="fl-17"/>
      </object_component>
      <object_component id="oc-34">
         <name>.debug_line</name>
         <load_address>0x49e4</load_address>
         <run_address>0x49e4</run_address>
         <size>0x4b</size>
         <input_file_ref idref="fl-18"/>
      </object_component>
      <object_component id="oc-e9">
         <name>.debug_line</name>
         <load_address>0x4a2f</load_address>
         <run_address>0x4a2f</run_address>
         <size>0x125</size>
         <input_file_ref idref="fl-19"/>
      </object_component>
      <object_component id="oc-1d7">
         <name>.debug_line</name>
         <load_address>0x4b54</load_address>
         <run_address>0x4b54</run_address>
         <size>0xc2</size>
         <input_file_ref idref="fl-1a"/>
      </object_component>
      <object_component id="oc-80">
[...]
         <name>_coreGetDataFaultAddress_</name>
         <value>0xde20</value>
         <object_component_ref idref="oc-64"/>
      </symbol>
      <symbol id="sm-794">
         <name>_coreClearInstructionFault_</name>
         <value>0xde14</value>
         <object_component_ref idref="oc-64"/>
      </symbol>
      <symbol id="sm-795">
         <name>_getCPSRValue_</name>
         <value>0xdd64</value>
         <object_component_ref idref="oc-64"/>
      </symbol>
      <symbol id="sm-796">
         <name>__TI_PINIT_Limit</name>
         <value>0xdf2c</value>
         <object_component_ref idref="oc-64"/>
      </symbol>
      <symbol id="sm-797">
         <name>_coreEnableFlashEcc_</name>
         <value>0xddc4</value>
         <object_component_ref idref="oc-64"/>
      </symbol>
      <symbol id="sm-798">
         <name>_disable_FIQ_interrupt_</name>
         <value>0xde78</value>
         <object_component_ref idref="oc-64"/>
      </symbol>
      <symbol id="sm-799">
         <name>_coreGetAuxiliaryInstructionFault_</name>
         <value>0xde5c</value>
         <object_component_ref idref="oc-64"/>
      </symbol>
      <symbol id="sm-79a">
         <name>_coreInitStackPointer_</name>
         <value>0xdd18</value>
         <object_component_ref idref="oc-64"/>
      </symbol>
      <symbol id="sm-79b">
         <name>_esmCcmErrorsClear_</name>
         <value>0xde90</value>
         <object_component_ref idref="oc-64"/>
      </symbol>
      <symbol id="sm-79c">
         <name>_gotoCPUIdle_</name>
         <value>0xdd6c</value>
         <object_component_ref idref="oc-64"/>
      </symbol>
      <symbol id="sm-79d">
         <name>_coreEnableIrqVicOffset_</name>
         <value>0xdde8</value>
         <object_component_ref idref="oc-64"/>
      </symbol>
      <symbol id="sm-79e">
         <name>_coreGetInstructionFault_</name>
         <value>0xde0c</value>
         <object_component_ref idref="oc-64"/>
      </symbol>
      <symbol id="sm-79f">
         <name>_coreClearAuxiliaryDataFault_</name>
         <value>0xde50</value>
         <object_component_ref idref="oc-64"/>
      </symbol>
      <symbol id="sm-7a0">
         <name>_coreEnableEventBusExport_</name>
         <value>0xdd84</value>
         <object_component_ref idref="oc-64"/>
      </symbol>
      <symbol id="sm-7ab">
         <name>resetEntry</name>
         <value>0x0</value>
         <object_component_ref idref="oc-2a"/>
      </symbol>
      <symbol id="sm-7de">
         <name>xTask1Handle</name>
         <value>0x8003054</value>
      </symbol>
      <symbol id="sm-7df">
         <name>dataconfig1_t</name>
         <value>0x8003050</value>
      </symbol>
      <symbol id="sm-7e0">
         <name>digitalWrite</name>
         <value>0xe05c</value>
         <object_component_ref idref="oc-88"/>
      </symbol>
      <symbol id="sm-7e1">
         <name>_modeCache</name>
         <value>0x8003068</value>
         <object_component_ref idref="oc-140"/>
      </symbol>
      <symbol id="sm-7e2">
         <name>wordWrite</name>
         <value>0xdf80</value>
         <object_component_ref idref="oc-88"/>
      </symbol>
      <symbol id="sm-7e3">
         <name>_outputCache</name>
         <value>0x800306c</value>
         <object_component_ref idref="oc-140"/>
      </symbol>
      <symbol id="sm-7e4">
         <name>main</name>
         <value>0xe190</value>
         <object_component_ref idref="oc-88"/>
      </symbol>
      <symbol id="sm-7e5">
         <name>_invertCache</name>
         <value>0x8003074</value>
         <object_component_ref idref="oc-140"/>
      </symbol>
      <symbol id="sm-7e6">
         <name>vTaskALL</name>
         <value>0xe124</value>
         <object_component_ref idref="oc-88"/>
      </symbol>
      <symbol id="sm-7e7">
         <name>spiWrite</name>
         <value>0xdf30</value>
         <object_component_ref idref="oc-88"/>
      </symbol>
      <symbol id="sm-7e8">
         <name>byteWrite</name>
         <value>0xdfe0</value>
         <object_component_ref idref="oc-88"/>
      </symbol>
      <symbol id="sm-7e9">
         <name>pinMode</name>
         <value>0xe038</value>
         <object_component_ref idref="oc-88"/>
      </symbol>
      <symbol id="sm-7ea">
         <name>_pullupCache</name>
         <value>0x8003070</value>
         <object_component_ref idref="oc-140"/>
      </symbol>
      <symbol id="sm-803">
         <name>phantomInterrupt</name>
         <value>0xf64c</value>
         <object_component_ref idref="oc-2f"/>
      </symbol>
      <symbol id="sm-80c">
         <name>_pmuResetCounters_</name>
         <value>0xf374</value>
         <object_component_ref idref="oc-e7"/>
      </symbol>
      <symbol id="sm-80d">
         <name>_pmuGetEventCount_</name>
         <value>0xf3a8</value>
         <object_component_ref idref="oc-e7"/>
      </symbol>
      <symbol id="sm-80e">
         <name>_pmuResetEventCounters_</name>
         <value>0xf364</value>
         <object_component_ref idref="oc-e7"/>
      </symbol>
      <symbol id="sm-80f">
         <name>_pmuStopCounters_</name>
         <value>0xf38c</value>
         <object_component_ref idref="oc-e7"/>
      </symbol>
      <symbol id="sm-810">
         <name>_pmuInit_</name>
         <value>0xf2e8</value>
         <object_component_ref idref="oc-e7"/>
      </symbol>
      <symbol id="sm-811">
         <name>_pmuGetOverflow_</name>
         <value>0xf3b4</value>
         <object_component_ref idref="oc-e7"/>
      </symbol>
      <symbol id="sm-812">
         <name>_pmuResetCycleCounter_</name>
         <value>0xf354</value>
         <object_component_ref idref="oc-e7"/>
      </symbol>
      <symbol id="sm-813">
         <name>_pmuSetCountEvent_</name>
         <value>0xf394</value>
         <object_component_ref idref="oc-e7"/>
      </symbol>
      <symbol id="sm-814">
         <name>_pmuGetCycleCount_</name>
         <value>0xf3a0</value>
         <object_component_ref idref="oc-e7"/>
      </symbol>
      <symbol id="sm-815">
         <name>_pmuEnableCountersGlobal_</name>
         <value>0xf334</value>
         <object_component_ref idref="oc-e7"/>
      </symbol>
      <symbol id="sm-816">
         <name>_pmuDisableCountersGlobal_</name>
         <value>0xf344</value>
         <object_component_ref idref="oc-e7"/>
      </symbol>
      <symbol id="sm-817">
         <name>_pmuStartCounters_</name>
         <value>0xf384</value>
         <object_component_ref idref="oc-e7"/>
      </symbol>
      <symbol id="sm-97b">
         <name>pbistSelfCheck</name>
         <value>0x82cc</value>
         <object_component_ref idref="oc-7b"/>
      </symbol>
      <symbol id="sm-97c">
         <name>fmcBus1ParityCheck</name>
         <value>0x9c00</value>
         <object_component_ref idref="oc-7b"/>
      </symbol>
      <symbol id="sm-97d">
         <name>can1ParityCheck</name>
         <value>0x90bc</value>
         <object_component_ref idref="oc-7b"/>
      </symbol>
      <symbol id="sm-97e">
         <name>enableParity</name>
         <value>0xa3d0</value>
         <object_component_ref idref="oc-7b"/>
      </symbol>
      <symbol id="sm-97f">
         <name>custom_dabort</name>
         <value>0x8df4</value>
         <object_component_ref idref="oc-7b"/>
      </symbol>
      <symbol id="sm-980">
         <name>memoryInit</name>
         <value>0x8174</value>
         <object_component_ref idref="oc-7b"/>
      </symbol>
      <symbol id="sm-981">
         <name>stcSelfCheck</name>
         <value>0x81b8</value>
         <object_component_ref idref="oc-7b"/>
      </symbol>
      <symbol id="sm-982">
         <name>efcGetConfigValue</name>
         <value>0x9f98</value>
         <object_component_ref idref="oc-7b"/>
      </symbol>
      <symbol id="sm-983">
         <name>can2ParityCheck</name>
         <value>0x9198</value>
         <object_component_ref idref="oc-7b"/>
      </symbol>
      <symbol id="sm-984">
         <name>het1ParityCheck</name>
         <value>0x8eac</value>
         <object_component_ref idref="oc-7b"/>
      </symbol>
      <symbol id="sm-985">
         <name>adc1ParityCheck</name>
         <value>0x9004</value>
         <object_component_ref idref="oc-7b"/>
      </symbol>
      <symbol id="sm-986">
         <name>checkefcSelfTest</name>
         <value>0x87bc</value>
         <object_component_ref idref="oc-7b"/>
      </symbol>
      <symbol id="sm-987">
         <name>checkRAMECC</name>
         <value>0x93bc</value>
         <object_component_ref idref="oc-7b"/>
      </symbol>
      <symbol id="sm-988">
         <name>stcSelfCheckFail</name>
         <value>0x8df8</value>
         <object_component_ref idref="oc-7b"/>
      </symbol>
      <symbol id="sm-989">
         <name>ccmSelfCheck</name>
         <value>0x8030</value>
         <object_component_ref idref="oc-7b"/>
      </symbol>
      <symbol id="sm-98a">
         <name>efcCheck</name>
         <value>0x8660</value>
         <object_component_ref idref="oc-7b"/>
      </symbol>
      <symbol id="sm-98b">
         <name>cpuSelfTest</name>
         <value>0x8234</value>
         <object_component_ref idref="oc-7b"/>
      </symbol>
      <symbol id="sm-98c">
         <name>htu1ParityCheck</name>
         <value>0x8f4c</value>
         <object_component_ref idref="oc-7b"/>
      </symbol>
      <symbol id="sm-98d">
         <name>checkFlashECC</name>
         <value>0x8d18</value>
         <object_component_ref idref="oc-7b"/>
      </symbol>
      <symbol id="sm-98e">
         <name>cpuSelfTestFail</name>
         <value>0x8dfc</value>
         <object_component_ref idref="oc-7b"/>
      </symbol>
      <symbol id="sm-98f">
         <name>checkPLL1Slip</name>
         <value>0x9880</value>
         <object_component_ref idref="oc-7b"/>
      </symbol>
      <symbol id="sm-990">
         <name>mibspi1ParityCheck</name>
         <value>0x9260</value>
         <object_component_ref idref="oc-7b"/>
      </symbol>
      <symbol id="sm-991">
         <name>ccmr4GetConfigValue</name>
         <value>0xa034</value>
         <object_component_ref idref="oc-7b"/>
      </symbol>
      <symbol id="sm-992">
         <name>pbistPortTestStatus</name>
         <value>0x8608</value>
         <object_component_ref idref="oc-7b"/>
      </symbol>
      <symbol id="sm-993">
         <name>checkFlashEEPROMECC</name>
         <value>0x96d8</value>
         <object_component_ref idref="oc-7b"/>
      </symbol>
      <symbol id="sm-994">
         <name>pbistGetConfigValue</name>
         <value>0x9db0</value>
         <object_component_ref idref="oc-7b"/>
      </symbol>
      <symbol id="sm-995">
         <name>vimParityCheck</name>
         <value>0x8e00</value>
         <object_component_ref idref="oc-7b"/>
      </symbol>
      <symbol id="sm-996">
         <name>pbistIsTestCompleted</name>
         <value>0x85a8</value>
         <object_component_ref idref="oc-7b"/>
      </symbol>
      <symbol id="sm-997">
         <name>disableParity</name>
         <value>0xa424</value>
         <object_component_ref idref="oc-7b"/>
      </symbol>
      <symbol id="sm-998">
         <name>pbistRun</name>
         <value>0x84ac</value>
         <object_component_ref idref="oc-7b"/>
      </symbol>
      <symbol id="sm-999">
         <name>pbistFail</name>
         <value>0x9d2c</value>
         <object_component_ref idref="oc-7b"/>
      </symbol>
      <symbol id="sm-99a">
         <name>selftestFailNotification</name>
         <value>0x8020</value>
         <object_component_ref idref="oc-7b"/>
      </symbol>
      <symbol id="sm-99b">
         <name>errata_PBIST_4</name>
         <value>0xa0b0</value>
         <object_component_ref idref="oc-7b"/>
      </symbol>
      <symbol id="sm-99c">
         <name>efcSelfTest</name>
         <value>0x8794</value>
         <object_component_ref idref="oc-7b"/>
      </symbol>
      <symbol id="sm-99d">
         <name>checkB1RAMECC</name>
         <value>0x8b28</value>
         <object_component_ref idref="oc-7b"/>
      </symbol>
      <symbol id="sm-99e">
         <name>pbistStop</name>
         <value>0x8578</value>
         <object_component_ref idref="oc-7b"/>
      </symbol>
      <symbol id="sm-99f">
         <name>checkRAMAddrParity</name>
         <value>0x999c</value>
         <object_component_ref idref="oc-7b"/>
      </symbol>
      <symbol id="sm-9a0">
         <name>checkB0RAMECC</name>
         <value>0x8938</value>
         <object_component_ref idref="oc-7b"/>
      </symbol>
      <symbol id="sm-9a1">
         <name>stcGetConfigValue</name>
         <value>0x9ef8</value>
         <object_component_ref idref="oc-7b"/>
      </symbol>
      <symbol id="sm-9a2">
         <name>pbistIsTestPassed</name>
         <value>0x85d4</value>
         <object_component_ref idref="oc-7b"/>
      </symbol>
      <symbol id="sm-9a3">
         <name>checkClockMonitor</name>
         <value>0x9604</value>
         <object_component_ref idref="oc-7b"/>
      </symbol>
      <symbol id="sm-9a4">
         <name>fmcECCcheck</name>
         <value>0x8898</value>
         <object_component_ref idref="oc-7b"/>
      </symbol>
      <symbol id="sm-9a5">
         <name>fmcBus2Check</name>
         <value>0x885c</value>
         <object_component_ref idref="oc-7b"/>
      </symbol>
      <symbol id="sm-9a6">
         <name>checkRAMUERRTest</name>
         <value>0x9aa4</value>
         <object_component_ref idref="oc-7b"/>
      </symbol>
      <symbol id="sm-9a7">
         <name>efcStuckZeroTest</name>
         <value>0x86e8</value>
         <object_component_ref idref="oc-7b"/>
      </symbol>
      <symbol id="sm-9d0">
         <name>_c_int00</name>
         <value>0xe910</value>
         <object_component_ref idref="oc-1b"/>
      </symbol>
      <symbol id="sm-9d1">
         <name>handlePLLLockFail</name>
         <value>0xf650</value>
         <object_component_ref idref="oc-6f"/>
      </symbol>
      <symbol id="sm-a69">
         <name>vimChannelMap</name>
         <value>0xc50c</value>
         <object_component_ref idref="oc-3a"/>
      </symbol>
      <symbol id="sm-a6a">
         <name>vimInit</name>
         <value>0xc438</value>
         <object_component_ref idref="oc-3a"/>
      </symbol>
      <symbol id="sm-a6b">
         <name>vimEnableInterrupt</name>
         <value>0xc5b0</value>
         <object_component_ref idref="oc-3a"/>
      </symbol>
      <symbol id="sm-a6c">
         <name>vimDisableInterrupt</name>
         <value>0xc708</value>
         <object_component_ref idref="oc-3a"/>
      </symbol>
      <symbol id="sm-a6d">
         <name>vimGetConfigValue</name>
         <value>0xc78c</value>
         <object_component_ref idref="oc-3a"/>
      </symbol>
      <symbol id="sm-a6e">
         <name>vimParityErrorHandler</name>
         <value>0xe470</value>
         <object_component_ref idref="oc-35"/>
      </symbol>
      <symbol id="sm-ac2">
         <name>systemGetConfigValue</name>
         <value>0xb330</value>
         <object_component_ref idref="oc-75"/>
      </symbol>
      <symbol id="sm-ac3">
         <name>trimLPO</name>
         <value>0xb048</value>
         <object_component_ref idref="oc-75"/>
      </symbol>
      <symbol id="sm-ac4">
         <name>systemInit</name>
         <value>0xb234</value>
         <object_component_ref idref="oc-75"/>
      </symbol>
      <symbol id="sm-ac5">
         <name>customTrimLPO</name>
         <value>0xb9d8</value>
         <object_component_ref idref="oc-75"/>
      </symbol>
      <symbol id="sm-ac6">
         <name>tcmflashGetConfigValue</name>
         <value>0xb6f0</value>
         <object_component_ref idref="oc-75"/>
      </symbol>
      <symbol id="sm-ac7">
         <name>sramGetConfigValue</name>
         <value>0xb89c</value>
         <object_component_ref idref="oc-75"/>
      </symbol>
      <symbol id="sm-ac8">
         <name>periphInit</name>
         <value>0xb0fc</value>
         <object_component_ref idref="oc-75"/>
      </symbol>
      <symbol id="sm-ac9">
         <name>setupFlash</name>
         <value>0xb0bc</value>
         <object_component_ref idref="oc-75"/>
      </symbol>
      <symbol id="sm-aca">
         <name>setupPLL</name>
         <value>0xaff8</value>
         <object_component_ref idref="oc-75"/>
      </symbol>
      <symbol id="sm-acb">
         <name>mapClocks</name>
         <value>0xb150</value>
         <object_component_ref idref="oc-75"/>
      </symbol>
      <symbol id="sm-acc">
         <name>systemPowerDown</name>
         <value>0xb300</value>
         <object_component_ref idref="oc-75"/>
      </symbol>
      <symbol id="sm-adb">
         <name>__aeabi_memset</name>
         <value>0xf3cc</value>
         <object_component_ref idref="oc-d1"/>
      </symbol>
      <symbol id="sm-adc">
         <name>memset</name>
         <value>0xf3d8</value>
         <object_component_ref idref="oc-d1"/>
      </symbol>
      <symbol id="sm-add">
         <name>__aeabi_memset8</name>
         <value>0xf3cc</value>
         <object_component_ref idref="oc-d1"/>
      </symbol>
      <symbol id="sm-ade">
         <name>__aeabi_memset4</name>
         <value>0xf3cc</value>
         <object_component_ref idref="oc-d1"/>
      </symbol>
      <symbol id="sm-adf">
         <name>__aeabi_memclr8</name>
         <value>0xf3c8</value>
         <object_component_ref idref="oc-d1"/>
      </symbol>
      <symbol id="sm-ae0">
         <name>__aeabi_memclr4</name>
         <value>0xf3c8</value>
         <object_component_ref idref="oc-d1"/>
      </symbol>
      <symbol id="sm-ae1">
         <name>__aeabi_memclr</name>
         <value>0xf3c8</value>
         <object_component_ref idref="oc-d1"/>
      </symbol>
      <symbol id="sm-afa">
         <name>memcpy</name>
         <value>0xece0</value>
         <object_component_ref idref="oc-4c"/>
      </symbol>
      <symbol id="sm-afb">
         <name>__aeabi_memcpy</name>
         <value>0xece0</value>
         <object_component_ref idref="oc-4c"/>
      </symbol>
      <symbol id="sm-afc">
         <name>__aeabi_memcpy8</name>
         <value>0xece0</value>
         <object_component_ref idref="oc-4c"/>
      </symbol>
      <symbol id="sm-afd">
         <name>__aeabi_memcpy4</name>
         <value>0xece0</value>
         <object_component_ref idref="oc-4c"/>
      </symbol>
      <symbol id="sm-b25">
         <name>__TI_auto_init_nobinit_nopinit</name>
         <value>0xf598</value>
         <object_component_ref idref="oc-f5"/>
      </symbol>
      <symbol id="sm-b38">
         <name>__TI_zero_init</name>
         <value>0xf634</value>
         <object_component_ref idref="oc-5e"/>
      </symbol>
      <symbol id="sm-b4f">
         <name>__TI_decompress_none</name>
         <value>0xf620</value>
         <object_component_ref idref="oc-14"/>
      </symbol>
      <symbol id="sm-b72">
         <name>__TI_decompress_lzss</name>
         <value>0xf478</value>
         <object_component_ref idref="oc-e"/>
      </symbol>
      <symbol id="sm-b7d">
         <name>C$$EXIT</name>
         <value>0xf644</value>
         <object_component_ref idref="oc-14a"/>
      </symbol>
      <symbol id="sm-b7e">
         <name>abort</name>
         <value>0xf644</value>
         <object_component_ref idref="oc-14a"/>
      </symbol>
      <symbol id="sm-b8d">
         <name>strlen</name>
         <value>0xf600</value>
         <object_component_ref idref="oc-23c"/>
      </symbol>
      <symbol id="sm-b8e">
         <name>__TI_static_base__</name>
         <value>0x0</value>
      </symbol>
      <symbol id="sm-b92">
         <name>SHT$$INIT_ARRAY$$Base</name>
         <value>0x0</value>
      </symbol>
      <symbol id="sm-b93">
         <name>SHT$$INIT_ARRAY$$Limit</name>
         <value>0x0</value>
      </symbol>
      <symbol id="sm-b94">
         <name>_system_post_cinit</name>
         <value>0x0</value>
      </symbol>
   </symbol_table>
   <title>Link successful</title>
</link_info>
