<?xml version="1.0" encoding="ISO-8859-1" ?>
<link_info>
   <banner>TI ARM Linker PC v18.12.4.LTS</banner>
   <copyright>Copyright (c) 1996-2018 Texas Instruments Incorporated</copyright>
   <link_time>0x5f915106</link_time>
   <link_errors>0x0</link_errors>
   <output_file>TEST.out</output_file>
   <entry_point>
      <name>_c_int00</name>
      <address>0xe9c0</address>
   </entry_point>
   <input_file_list>
      <input_file id="fl-2">
         <path>.\source\</path>
         <kind>object</kind>
         <file>dabort.obj</file>
         <name>dabort.obj</name>
      </input_file>
      <input_file id="fl-3">
         <path>.\source\</path>
         <kind>object</kind>
         <file>errata_SSWF021_45.obj</file>
         <name>errata_SSWF021_45.obj</name>
      </input_file>
      <input_file id="fl-4">
         <path>.\source\</path>
         <kind>object</kind>
         <file>esm.obj</file>
         <name>esm.obj</name>
      </input_file>
      <input_file id="fl-5">
         <path>.\source\</path>
         <kind>object</kind>
         <file>gio.obj</file>
         <name>gio.obj</name>
      </input_file>
      <input_file id="fl-6">
         <path>.\source\</path>
         <kind>object</kind>
         <file>het.obj</file>
         <name>het.obj</name>
      </input_file>
      <input_file id="fl-7">
         <path>.\source\</path>
         <kind>object</kind>
         <file>notification.obj</file>
         <name>notification.obj</name>
      </input_file>
      <input_file id="fl-8">
         <path>.\source\</path>
         <kind>object</kind>
         <file>os_croutine.obj</file>
         <name>os_croutine.obj</name>
      </input_file>
      <input_file id="fl-9">
         <path>.\source\</path>
         <kind>object</kind>
         <file>os_event_groups.obj</file>
         <name>os_event_groups.obj</name>
      </input_file>
      <input_file id="fl-a">
         <path>.\source\</path>
         <kind>object</kind>
         <file>os_heap.obj</file>
         <name>os_heap.obj</name>
      </input_file>
      <input_file id="fl-b">
         <path>.\source\</path>
         <kind>object</kind>
         <file>os_list.obj</file>
         <name>os_list.obj</name>
      </input_file>
      <input_file id="fl-c">
         <path>.\source\</path>
         <kind>object</kind>
         <file>os_mpu_wrappers.obj</file>
         <name>os_mpu_wrappers.obj</name>
      </input_file>
      <input_file id="fl-d">
         <path>.\source\</path>
         <kind>object</kind>
         <file>os_port.obj</file>
         <name>os_port.obj</name>
      </input_file>
      <input_file id="fl-e">
         <path>.\source\</path>
         <kind>object</kind>
         <file>os_portasm.obj</file>
         <name>os_portasm.obj</name>
      </input_file>
      <input_file id="fl-f">
         <path>.\source\</path>
         <kind>object</kind>
         <file>os_queue.obj</file>
         <name>os_queue.obj</name>
      </input_file>
      <input_file id="fl-10">
         <path>.\source\</path>
         <kind>object</kind>
         <file>os_tasks.obj</file>
         <name>os_tasks.obj</name>
      </input_file>
      <input_file id="fl-11">
         <path>.\source\</path>
         <kind>object</kind>
         <file>os_timer.obj</file>
         <name>os_timer.obj</name>
      </input_file>
      <input_file id="fl-12">
         <path>.\source\</path>
         <kind>object</kind>
         <file>pinmux.obj</file>
         <name>pinmux.obj</name>
      </input_file>
      <input_file id="fl-13">
         <path>.\source\</path>
         <kind>object</kind>
         <file>spi.obj</file>
         <name>spi.obj</name>
      </input_file>
      <input_file id="fl-14">
         <path>.\source\</path>
         <kind>object</kind>
         <file>sys_core.obj</file>
         <name>sys_core.obj</name>
      </input_file>
      <input_file id="fl-15">
         <path>.\source\</path>
         <kind>object</kind>
         <file>sys_intvecs.obj</file>
         <name>sys_intvecs.obj</name>
      </input_file>
      <input_file id="fl-16">
         <path>.\source\</path>
         <kind>object</kind>
         <file>sys_main.obj</file>
         <name>sys_main.obj</name>
      </input_file>
      <input_file id="fl-17">
         <path>.\source\</path>
         <kind>object</kind>
         <file>sys_mpu.obj</file>
         <name>sys_mpu.obj</name>
      </input_file>
      <input_file id="fl-18">
         <path>.\source\</path>
         <kind>object</kind>
         <file>sys_pcr.obj</file>
         <name>sys_pcr.obj</name>
      </input_file>
      <input_file id="fl-19">
         <path>.\source\</path>
         <kind>object</kind>
         <file>sys_phantom.obj</file>
         <name>sys_phantom.obj</name>
      </input_file>
      <input_file id="fl-1a">
         <path>.\source\</path>
         <kind>object</kind>
         <file>sys_pmu.obj</file>
         <name>sys_pmu.obj</name>
      </input_file>
      <input_file id="fl-1b">
         <path>.\source\</path>
         <kind>object</kind>
         <file>sys_selftest.obj</file>
         <name>sys_selftest.obj</name>
      </input_file>
      <input_file id="fl-1c">
         <path>.\source\</path>
         <kind>object</kind>
         <file>sys_startup.obj</file>
         <name>sys_startup.obj</name>
      </input_file>
      <input_file id="fl-1d">
         <path>.\source\</path>
         <kind>object</kind>
         <file>sys_vim.obj</file>
         <name>sys_vim.obj</name>
      </input_file>
      <input_file id="fl-1e">
         <path>.\source\</path>
         <kind>object</kind>
         <file>system.obj</file>
         <name>system.obj</name>
      </input_file>
      <input_file id="fl-22">
         <kind>object</kind>
         <file>&lt;internal&gt;</file>
         <name>&lt;internal&gt;</name>
      </input_file>
      <input_file id="fl-d8">
         <path>C:\ti\ccs930\ccs\tools\compiler\ti-cgt-arm_18.12.4.LTS\lib\</path>
         <kind>archive</kind>
         <file>rtsv7R4_A_be_eabi.lib</file>
         <name>memset32.asm.obj</name>
      </input_file>
      <input_file id="fl-d9">
         <path>C:\ti\ccs930\ccs\tools\compiler\ti-cgt-arm_18.12.4.LTS\lib\</path>
         <kind>archive</kind>
         <file>rtsv7R4_A_be_eabi.lib</file>
         <name>u_div32.asm.obj</name>
      </input_file>
      <input_file id="fl-da">
         <path>C:\ti\ccs930\ccs\tools\compiler\ti-cgt-arm_18.12.4.LTS\lib\</path>
         <kind>archive</kind>
         <file>rtsv7R4_A_be_eabi.lib</file>
         <name>fd_div32.asm.obj</name>
      </input_file>
      <input_file id="fl-db">
         <path>C:\ti\ccs930\ccs\tools\compiler\ti-cgt-arm_18.12.4.LTS\lib\</path>
         <kind>archive</kind>
         <file>rtsv7R4_A_be_eabi.lib</file>
         <name>fd_mul32.asm.obj</name>
      </input_file>
      <input_file id="fl-dc">
         <path>C:\ti\ccs930\ccs\tools\compiler\ti-cgt-arm_18.12.4.LTS\lib\</path>
         <kind>archive</kind>
         <file>rtsv7R4_A_be_eabi.lib</file>
         <name>fd_tou32.asm.obj</name>
      </input_file>
      <input_file id="fl-dd">
         <path>C:\ti\ccs930\ccs\tools\compiler\ti-cgt-arm_18.12.4.LTS\lib\</path>
         <kind>archive</kind>
         <file>rtsv7R4_A_be_eabi.lib</file>
         <name>memcpy32.asm.obj</name>
      </input_file>
      <input_file id="fl-de">
         <path>C:\ti\ccs930\ccs\tools\compiler\ti-cgt-arm_18.12.4.LTS\lib\</path>
         <kind>archive</kind>
         <file>rtsv7R4_A_be_eabi.lib</file>
         <name>u_tofd32.asm.obj</name>
      </input_file>
      <input_file id="fl-df">
         <path>C:\ti\ccs930\ccs\tools\compiler\ti-cgt-arm_18.12.4.LTS\lib\</path>
         <kind>archive</kind>
         <file>rtsv7R4_A_be_eabi.lib</file>
         <name>autoinit.c.obj</name>
      </input_file>
      <input_file id="fl-e0">
         <path>C:\ti\ccs930\ccs\tools\compiler\ti-cgt-arm_18.12.4.LTS\lib\</path>
         <kind>archive</kind>
         <file>rtsv7R4_A_be_eabi.lib</file>
         <name>cpy_tbl.c.obj</name>
      </input_file>
      <input_file id="fl-e1">
         <path>C:\ti\ccs930\ccs\tools\compiler\ti-cgt-arm_18.12.4.LTS\lib\</path>
         <kind>archive</kind>
         <file>rtsv7R4_A_be_eabi.lib</file>
         <name>copy_zero_init.c.obj</name>
      </input_file>
      <input_file id="fl-e2">
         <path>C:\ti\ccs930\ccs\tools\compiler\ti-cgt-arm_18.12.4.LTS\lib\</path>
         <kind>archive</kind>
         <file>rtsv7R4_A_be_eabi.lib</file>
         <name>copy_decompress_none.c.obj</name>
      </input_file>
      <input_file id="fl-e3">
         <path>C:\ti\ccs930\ccs\tools\compiler\ti-cgt-arm_18.12.4.LTS\lib\</path>
         <kind>archive</kind>
         <file>rtsv7R4_A_be_eabi.lib</file>
         <name>copy_decompress_lzss.c.obj</name>
      </input_file>
      <input_file id="fl-e4">
         <path>C:\ti\ccs930\ccs\tools\compiler\ti-cgt-arm_18.12.4.LTS\lib\</path>
         <kind>archive</kind>
         <file>rtsv7R4_A_be_eabi.lib</file>
         <name>exit.c.obj</name>
      </input_file>
      <input_file id="fl-e5">
         <path>C:\ti\ccs930\ccs\tools\compiler\ti-cgt-arm_18.12.4.LTS\lib\</path>
         <kind>archive</kind>
         <file>rtsv7R4_A_be_eabi.lib</file>
         <name>_lock.c.obj</name>
      </input_file>
      <input_file id="fl-e6">
         <path>C:\ti\ccs930\ccs\tools\compiler\ti-cgt-arm_18.12.4.LTS\lib\</path>
         <kind>archive</kind>
         <file>rtsv7R4_A_be_eabi.lib</file>
         <name>strlen.c.obj</name>
      </input_file>
      <input_file id="fl-e7">
         <path>C:\ti\ccs930\ccs\tools\compiler\ti-cgt-arm_18.12.4.LTS\lib\</path>
         <kind>archive</kind>
         <file>rtsv7R4_A_be_eabi.lib</file>
         <name>div0.asm.obj</name>
      </input_file>
   </input_file_list>
   <object_component_list>
      <object_component id="oc-2a">
         <name>.intvecs</name>
         <load_address>0x0</load_address>
         <run_address>0x0</run_address>
         <size>0x20</size>
         <input_file_ref idref="fl-15"/>
      </object_component>
      <object_component id="oc-137">
         <name>.kernelTEXT</name>
         <load_address>0x20</load_address>
         <run_address>0x20</run_address>
         <size>0x2bdc</size>
         <input_file_ref idref="fl-10"/>
      </object_component>
      <object_component id="oc-204">
         <name>.kernelTEXT</name>
         <load_address>0x2bfc</load_address>
         <run_address>0x2bfc</run_address>
         <size>0x11dc</size>
         <input_file_ref idref="fl-f"/>
      </object_component>
      <object_component id="oc-20a">
         <name>.kernelTEXT</name>
         <load_address>0x3dd8</load_address>
         <run_address>0x3dd8</run_address>
         <size>0x81c</size>
         <input_file_ref idref="fl-9"/>
      </object_component>
      <object_component id="oc-237">
         <name>.kernelTEXT</name>
         <load_address>0x45f4</load_address>
         <run_address>0x45f4</run_address>
         <size>0x3bc</size>
         <input_file_ref idref="fl-d"/>
      </object_component>
      <object_component id="oc-9c">
         <name>.kernelTEXT</name>
         <load_address>0x49b0</load_address>
         <run_address>0x49b0</run_address>
         <size>0x3b0</size>
         <input_file_ref idref="fl-e"/>
      </object_component>
      <object_component id="oc-22b">
         <name>.kernelTEXT</name>
         <load_address>0x4d60</load_address>
         <run_address>0x4d60</run_address>
         <size>0x380</size>
         <input_file_ref idref="fl-a"/>
      </object_component>
      <object_component id="oc-356">
         <name>.cinit..data.load</name>
         <load_address>0x50e0</load_address>
         <run_address>0x50e0</run_address>
         <size>0x15</size>
      </object_component>
      <object_component id="oc-351">
         <name>__TI_handler_table</name>
         <load_address>0x50f8</load_address>
         <run_address>0x50f8</run_address>
         <size>0xc</size>
      </object_component>
      <object_component id="oc-353">
         <name>.cinit..kernelBSS.load</name>
         <load_address>0x5104</load_address>
         <run_address>0x5104</run_address>
         <size>0x9</size>
      </object_component>
      <object_component id="oc-355">
         <name>.cinit..bss.load</name>
         <load_address>0x5110</load_address>
         <run_address>0x5110</run_address>
         <size>0x8</size>
      </object_component>
      <object_component id="oc-354">
         <name>.cinit..kernelHEAP.load</name>
         <load_address>0x5118</load_address>
         <run_address>0x5118</run_address>
         <size>0x8</size>
      </object_component>
      <object_component id="oc-352">
         <name>__TI_cinit_table</name>
         <load_address>0x5120</load_address>
         <run_address>0x5120</run_address>
         <size>0x20</size>
      </object_component>
      <object_component id="oc-7b">
         <name>.text</name>
         <load_address>0x8020</load_address>
         <run_address>0x8020</run_address>
         <size>0x24f0</size>
         <input_file_ref idref="fl-1b"/>
      </object_component>
      <object_component id="oc-125">
         <name>.text</name>
         <load_address>0xa510</load_address>
         <run_address>0xa510</run_address>
         <size>0xaf4</size>
         <input_file_ref idref="fl-13"/>
      </object_component>
      <object_component id="oc-75">
         <name>.text</name>
         <load_address>0xb004</load_address>
         <run_address>0xb004</run_address>
         <size>0xaa0</size>
         <input_file_ref idref="fl-1e"/>
      </object_component>
      <object_component id="oc-131">
         <name>.text</name>
         <load_address>0xbaa4</load_address>
         <run_address>0xbaa4</run_address>
         <size>0x9a0</size>
         <input_file_ref idref="fl-c"/>
      </object_component>
      <object_component id="oc-3a">
         <name>.text</name>
         <load_address>0xc444</load_address>
         <run_address>0xc444</run_address>
         <size>0x89c</size>
         <input_file_ref idref="fl-1d"/>
      </object_component>
      <object_component id="oc-69">
         <name>.text</name>
         <load_address>0xcce0</load_address>
         <run_address>0xcce0</run_address>
         <size>0x664</size>
         <input_file_ref idref="fl-3"/>
      </object_component>
      <object_component id="oc-81">
         <name>.text</name>
         <load_address>0xd344</load_address>
         <run_address>0xd344</run_address>
         <size>0x5bc</size>
         <input_file_ref idref="fl-4"/>
      </object_component>
      <object_component id="oc-12b">
         <name>.text</name>
         <load_address>0xd900</load_address>
         <run_address>0xd900</run_address>
         <size>0x36c</size>
         <input_file_ref idref="fl-5"/>
      </object_component>
      <object_component id="oc-88">
         <name>.text</name>
         <load_address>0xdc6c</load_address>
         <run_address>0xdc6c</run_address>
         <size>0x36c</size>
         <input_file_ref idref="fl-16"/>
      </object_component>
      <object_component id="oc-64">
         <name>.text</name>
         <load_address>0xdfd8</load_address>
         <run_address>0xdfd8</run_address>
         <size>0x2d0</size>
         <input_file_ref idref="fl-14"/>
      </object_component>
      <object_component id="oc-2b2">
         <name>.text</name>
         <load_address>0xe2a8</load_address>
         <run_address>0xe2a8</run_address>
         <size>0x278</size>
         <input_file_ref idref="fl-a"/>
      </object_component>
      <object_component id="oc-35">
         <name>.text:retain</name>
         <load_address>0xe520</load_address>
         <run_address>0xe520</run_address>
         <size>0x268</size>
         <input_file_ref idref="fl-1d"/>
      </object_component>
      <object_component id="oc-231">
         <name>.text</name>
         <load_address>0xe788</load_address>
         <run_address>0xe788</run_address>
         <size>0x238</size>
         <input_file_ref idref="fl-b"/>
      </object_component>
      <object_component id="oc-1b">
         <name>.text:retain</name>
         <load_address>0xe9c0</load_address>
         <run_address>0xe9c0</run_address>
         <size>0x21c</size>
         <input_file_ref idref="fl-1c"/>
      </object_component>
      <object_component id="oc-2c2">
         <name>.text</name>
         <load_address>0xebdc</load_address>
         <run_address>0xebdc</run_address>
         <size>0x1b4</size>
         <input_file_ref idref="fl-d"/>
      </object_component>
      <object_component id="oc-4c">
         <name>.text</name>
         <load_address>0xed90</load_address>
         <run_address>0xed90</run_address>
         <size>0x180</size>
         <input_file_ref idref="fl-dd"/>
      </object_component>
      <object_component id="oc-1fe">
         <name>.text</name>
         <load_address>0xef10</load_address>
         <run_address>0xef10</run_address>
         <size>0x164</size>
         <input_file_ref idref="fl-10"/>
      </object_component>
      <object_component id="oc-df">
         <name>.text</name>
         <load_address>0xf074</load_address>
         <run_address>0xf074</run_address>
         <size>0x150</size>
         <input_file_ref idref="fl-12"/>
      </object_component>
      <object_component id="oc-21">
         <name>.text:retain</name>
         <load_address>0xf1c4</load_address>
         <run_address>0xf1c4</run_address>
         <size>0xec</size>
         <input_file_ref idref="fl-4"/>
      </object_component>
      <object_component id="oc-a4">
         <name>.text</name>
         <load_address>0xf2b0</load_address>
         <run_address>0xf2b0</run_address>
         <size>0xe8</size>
         <input_file_ref idref="fl-2"/>
      </object_component>
      <object_component id="oc-e7">
         <name>.text</name>
         <load_address>0xf398</load_address>
         <run_address>0xf398</run_address>
         <size>0xe0</size>
         <input_file_ref idref="fl-1a"/>
      </object_component>
      <object_component id="oc-90">
         <name>.text</name>
         <load_address>0xf478</load_address>
         <run_address>0xf478</run_address>
         <size>0xd0</size>
         <input_file_ref idref="fl-7"/>
      </object_component>
      <object_component id="oc-d1">
         <name>.text</name>
         <load_address>0xf548</load_address>
         <run_address>0xf548</run_address>
         <size>0xb0</size>
         <input_file_ref idref="fl-d8"/>
      </object_component>
      <object_component id="oc-e">
         <name>.text:decompress:lzss:__TI_decompress_lzss</name>
         <load_address>0xf5f8</load_address>
         <run_address>0xf5f8</run_address>
         <size>0x90</size>
         <input_file_ref idref="fl-e3"/>
      </object_component>
      <object_component id="oc-f5">
         <name>.text:__TI_auto_init_nobinit_nopinit:__TI_auto_init_nobinit_nopinit</name>
         <load_address>0xf688</load_address>
         <run_address>0xf688</run_address>
         <size>0x68</size>
         <input_file_ref idref="fl-df"/>
      </object_component>
      <object_component id="oc-240">
         <name>.text:strlen</name>
         <load_address>0xf6f0</load_address>
         <run_address>0xf6f0</run_address>
         <size>0x20</size>
         <input_file_ref idref="fl-e6"/>
      </object_component>
      <object_component id="oc-14">
         <name>.text:decompress:none:__TI_decompress_none</name>
         <load_address>0xf710</load_address>
         <run_address>0xf710</run_address>
         <size>0x14</size>
         <input_file_ref idref="fl-e2"/>
      </object_component>
      <object_component id="oc-5e">
         <name>.text:decompress:ZI:__TI_zero_init</name>
         <load_address>0xf724</load_address>
         <run_address>0xf724</run_address>
         <size>0x10</size>
         <input_file_ref idref="fl-e1"/>
      </object_component>
      <object_component id="oc-14e">
         <name>.text:abort:abort</name>
         <load_address>0xf734</load_address>
         <run_address>0xf734</run_address>
         <size>0x8</size>
         <input_file_ref idref="fl-e4"/>
      </object_component>
      <object_component id="oc-2f">
         <name>.text:retain</name>
         <load_address>0xf73c</load_address>
         <run_address>0xf73c</run_address>
         <size>0x4</size>
         <input_file_ref idref="fl-19"/>
      </object_component>
      <object_component id="oc-6f">
         <name>.text</name>
         <load_address>0xf740</load_address>
         <run_address>0xf740</run_address>
         <size>0x4</size>
         <input_file_ref idref="fl-1c"/>
      </object_component>
      <object_component id="oc-27">
         <name>.const:s_vim_init</name>
         <load_address>0xf744</load_address>
         <run_address>0xf744</run_address>
         <size>0x180</size>
         <input_file_ref idref="fl-1d"/>
      </object_component>
      <object_component id="oc-15c">
         <name>.kernelBSS:init</name>
         <load_address>0x80008d0</load_address>
         <run_address>0x80008d0</run_address>
         <size>0x34</size>
         <input_file_ref idref="fl-10"/>
      </object_component>
      <object_component id="oc-23d">
         <name>.kernelBSS:uninit</name>
         <load_address>0x8000800</load_address>
         <run_address>0x8000800</run_address>
         <size>0xd0</size>
         <input_file_ref idref="fl-10"/>
      </object_component>
      <object_component id="oc-312">
         <name>.kernelHEAP</name>
         <uninitialized>true</uninitialized>
         <run_address>0x8001000</run_address>
         <size>0x2000</size>
         <input_file_ref idref="fl-a"/>
      </object_component>
      <object_component id="oc-2bb">
         <name>.bss:xStart</name>
         <uninitialized>true</uninitialized>
         <run_address>0x8003048</run_address>
         <size>0x8</size>
         <input_file_ref idref="fl-a"/>
      </object_component>
      <object_component id="oc-1f2">
         <name>.bss:g_spiPacket_t</name>
         <uninitialized>true</uninitialized>
         <run_address>0x8003000</run_address>
         <size>0x48</size>
         <input_file_ref idref="fl-13"/>
      </object_component>
      <object_component id="oc-147">
         <name>.common:xTask1Handle</name>
         <uninitialized>true</uninitialized>
         <run_address>0x800305c</run_address>
         <size>0x4</size>
      </object_component>
      <object_component id="oc-146">
         <name>.common:RX_Data_Slave</name>
         <uninitialized>true</uninitialized>
         <run_address>0x8003050</run_address>
         <size>0x8</size>
      </object_component>
      <object_component id="oc-13d">
         <name>.common:dataconfig1_t</name>
         <uninitialized>true</uninitialized>
         <run_address>0x8003058</run_address>
         <size>0x4</size>
      </object_component>
      <object_component id="oc-2b8">
         <name>.data</name>
         <load_address>0x8003060</load_address>
         <run_address>0x8003060</run_address>
         <size>0x10</size>
         <input_file_ref idref="fl-a"/>
      </object_component>
      <object_component id="oc-15f">
         <name>.data</name>
         <load_address>0x8003080</load_address>
         <run_address>0x8003080</run_address>
         <size>0x8</size>
         <input_file_ref idref="fl-d"/>
      </object_component>
      <object_component id="oc-140">
         <name>.data</name>
         <load_address>0x8003070</load_address>
         <run_address>0x8003070</run_address>
         <size>0x10</size>
         <input_file_ref idref="fl-16"/>
      </object_component>
      <object_component id="oc-143">
         <name>.data:TX_Data_Slave</name>
         <load_address>0x8003088</load_address>
         <run_address>0x8003088</run_address>
         <size>0x6</size>
         <input_file_ref idref="fl-16"/>
      </object_component>
      <object_component id="oc-a5">
         <name>.debug_info</name>
         <load_address>0x0</load_address>
         <run_address>0x0</run_address>
         <size>0xed</size>
         <input_file_ref idref="fl-2"/>
      </object_component>
      <object_component id="oc-19d">
         <name>.debug_info</name>
         <load_address>0xed</load_address>
         <run_address>0xed</run_address>
         <size>0x17e</size>
         <input_file_ref idref="fl-3"/>
      </object_component>
      <object_component id="oc-6a">
         <name>.debug_info</name>
         <load_address>0x26b</load_address>
         <run_address>0x26b</run_address>
         <size>0x62d</size>
         <input_file_ref idref="fl-3"/>
      </object_component>
      <object_component id="oc-47">
         <name>.debug_info</name>
         <load_address>0x898</load_address>
         <run_address>0x898</run_address>
         <size>0x84</size>
         <input_file_ref idref="fl-3"/>
      </object_component>
      <object_component id="oc-d9">
         <name>.debug_info</name>
         <load_address>0x91c</load_address>
         <run_address>0x91c</run_address>
         <size>0x9e7</size>
         <input_file_ref idref="fl-3"/>
      </object_component>
      <object_component id="oc-f4">
         <name>.debug_info</name>
         <load_address>0x1303</load_address>
         <run_address>0x1303</run_address>
         <size>0x1d6</size>
         <input_file_ref idref="fl-4"/>
      </object_component>
      <object_component id="oc-82">
         <name>.debug_info</name>
         <load_address>0x14d9</load_address>
         <run_address>0x14d9</run_address>
         <size>0xb19</size>
         <input_file_ref idref="fl-4"/>
      </object_component>
      <object_component id="oc-24">
         <name>.debug_info</name>
         <load_address>0x1ff2</load_address>
         <run_address>0x1ff2</run_address>
         <size>0x179</size>
         <input_file_ref idref="fl-4"/>
      </object_component>
      <object_component id="oc-165">
         <name>.debug_info</name>
         <load_address>0x216b</load_address>
         <run_address>0x216b</run_address>
         <size>0x26b</size>
         <input_file_ref idref="fl-4"/>
      </object_component>
      <object_component id="oc-97">
         <name>.debug_info</name>
         <load_address>0x23d6</load_address>
         <run_address>0x23d6</run_address>
         <size>0x157</size>
         <input_file_ref idref="fl-4"/>
      </object_component>
      <object_component id="oc-b2">
         <name>.debug_info</name>
         <load_address>0x252d</load_address>
         <run_address>0x252d</run_address>
         <size>0x8b</size>
         <input_file_ref idref="fl-4"/>
      </object_component>
      <object_component id="oc-ad">
         <name>.debug_info</name>
         <load_address>0x25b8</load_address>
         <run_address>0x25b8</run_address>
         <size>0x18c</size>
         <input_file_ref idref="fl-4"/>
      </object_component>
      <object_component id="oc-262">
         <name>.debug_info</name>
         <load_address>0x2744</load_address>
         <run_address>0x2744</run_address>
         <size>0x297</size>
         <input_file_ref idref="fl-4"/>
      </object_component>
      <object_component id="oc-149">
         <name>.debug_info</name>
         <load_address>0x29db</load_address>
         <run_address>0x29db</run_address>
         <size>0xbb</size>
         <input_file_ref idref="fl-4"/>
      </object_component>
      <object_component id="oc-b7">
         <name>.debug_info</name>
         <load_address>0x2a96</load_address>
         <run_address>0x2a96</run_address>
         <size>0x86</size>
         <input_file_ref idref="fl-4"/>
      </object_component>
      <object_component id="oc-16a">
         <name>.debug_info</name>
         <load_address>0x2b1c</load_address>
         <run_address>0x2b1c</run_address>
         <size>0x1de</size>
         <input_file_ref idref="fl-4"/>
      </object_component>
      <object_component id="oc-ef">
         <name>.debug_info</name>
         <load_address>0x2cfa</load_address>
         <run_address>0x2cfa</run_address>
         <size>0x129</size>
         <input_file_ref idref="fl-4"/>
      </object_component>
      <object_component id="oc-183">
         <name>.debug_info</name>
         <load_address>0x2e23</load_address>
         <run_address>0x2e23</run_address>
         <size>0x2cf</size>
         <input_file_ref idref="fl-4"/>
      </object_component>
      <object_component id="oc-1fd">
         <name>.debug_info</name>
         <load_address>0x30f2</load_address>
         <run_address>0x30f2</run_address>
         <size>0x159</size>
         <input_file_ref idref="fl-5"/>
      </object_component>
      <object_component id="oc-12d">
         <name>.debug_info</name>
         <load_address>0x324b</load_address>
         <run_address>0x324b</run_address>
         <size>0x6c6</size>
         <input_file_ref idref="fl-5"/>
      </object_component>
      <object_component id="oc-174">
         <name>.debug_info</name>
         <load_address>0x3911</load_address>
         <run_address>0x3911</run_address>
         <size>0x1f9</size>
         <input_file_ref idref="fl-5"/>
      </object_component>
      <object_component id="oc-2a0">
         <name>.debug_info</name>
         <load_address>0x3b0a</load_address>
         <run_address>0x3b0a</run_address>
         <size>0xda</size>
         <input_file_ref idref="fl-5"/>
      </object_component>
      <object_component id="oc-280">
         <name>.debug_info</name>
         <load_address>0x3be4</load_address>
         <run_address>0x3be4</run_address>
         <size>0x1af</size>
         <input_file_ref idref="fl-6"/>
      </object_component>
      <object_component id="oc-195">
         <name>.debug_info</name>
         <load_address>0x3d93</load_address>
         <run_address>0x3d93</run_address>
         <size>0x2c</size>
         <input_file_ref idref="fl-6"/>
      </object_component>
      <object_component id="oc-1bb">
         <name>.debug_info</name>
         <load_address>0x3dbf</load_address>
         <run_address>0x3dbf</run_address>
         <size>0x3d3</size>
         <input_file_ref idref="fl-6"/>
      </object_component>
      <object_component id="oc-2e5">
         <name>.debug_info</name>
         <load_address>0x4192</load_address>
         <run_address>0x4192</run_address>
         <size>0x2e3</size>
         <input_file_ref idref="fl-6"/>
      </object_component>
      <object_component id="oc-15b">
         <name>.debug_info</name>
         <load_address>0x4475</load_address>
         <run_address>0x4475</run_address>
         <size>0x30d</size>
         <input_file_ref idref="fl-7"/>
      </object_component>
      <object_component id="oc-91">
         <name>.debug_info</name>
         <load_address>0x4782</load_address>
         <run_address>0x4782</run_address>
         <size>0x933</size>
         <input_file_ref idref="fl-7"/>
      </object_component>
      <object_component id="oc-1a2">
         <name>.debug_info</name>
         <load_address>0x50b5</load_address>
         <run_address>0x50b5</run_address>
         <size>0x791</size>
         <input_file_ref idref="fl-7"/>
      </object_component>
      <object_component id="oc-1a7">
         <name>.debug_info</name>
         <load_address>0x5846</load_address>
         <run_address>0x5846</run_address>
         <size>0x4de</size>
         <input_file_ref idref="fl-7"/>
      </object_component>
      <object_component id="oc-1ac">
         <name>.debug_info</name>
         <load_address>0x5d24</load_address>
         <run_address>0x5d24</run_address>
         <size>0x3ce</size>
         <input_file_ref idref="fl-7"/>
      </object_component>
      <object_component id="oc-1f7">
         <name>.debug_info</name>
         <load_address>0x60f2</load_address>
         <run_address>0x60f2</run_address>
         <size>0x375</size>
         <input_file_ref idref="fl-7"/>
      </object_component>
      <object_component id="oc-1b1">
         <name>.debug_info</name>
         <load_address>0x6467</load_address>
         <run_address>0x6467</run_address>
         <size>0x437</size>
         <input_file_ref idref="fl-7"/>
      </object_component>
      <object_component id="oc-1dc">
         <name>.debug_info</name>
         <load_address>0x689e</load_address>
         <run_address>0x689e</run_address>
         <size>0x37b</size>
         <input_file_ref idref="fl-7"/>
      </object_component>
      <object_component id="oc-1b6">
         <name>.debug_info</name>
         <load_address>0x6c19</load_address>
         <run_address>0x6c19</run_address>
         <size>0x1ca</size>
         <input_file_ref idref="fl-7"/>
      </object_component>
      <object_component id="oc-16f">
         <name>.debug_info</name>
         <load_address>0x6de3</load_address>
         <run_address>0x6de3</run_address>
         <size>0x435</size>
         <input_file_ref idref="fl-7"/>
      </object_component>
      <object_component id="oc-1cf">
         <name>.debug_info</name>
         <load_address>0x7218</load_address>
         <run_address>0x7218</run_address>
         <size>0x510</size>
         <input_file_ref idref="fl-7"/>
      </object_component>
      <object_component id="oc-1c5">
         <name>.debug_info</name>
         <load_address>0x7728</load_address>
         <run_address>0x7728</run_address>
         <size>0x1de</size>
         <input_file_ref idref="fl-7"/>
      </object_component>
      <object_component id="oc-24f">
         <name>.debug_info</name>
         <load_address>0x7906</load_address>
         <run_address>0x7906</run_address>
         <size>0x26c</size>
         <input_file_ref idref="fl-7"/>
      </object_component>
      <object_component id="oc-1d4">
         <name>.debug_info</name>
         <load_address>0x7b72</load_address>
         <run_address>0x7b72</run_address>
         <size>0x17a</size>
         <input_file_ref idref="fl-7"/>
      </object_component>
      <object_component id="oc-179">
         <name>.debug_info</name>
         <load_address>0x7cec</load_address>
         <run_address>0x7cec</run_address>
         <size>0x642</size>
         <input_file_ref idref="fl-7"/>
      </object_component>
      <object_component id="oc-17e">
         <name>.debug_info</name>
         <load_address>0x832e</load_address>
         <run_address>0x832e</run_address>
         <size>0x13e</size>
         <input_file_ref idref="fl-7"/>
      </object_component>
      <object_component id="oc-2af">
         <name>.debug_info</name>
         <load_address>0x846c</load_address>
         <run_address>0x846c</run_address>
         <size>0x1c5</size>
         <input_file_ref idref="fl-8"/>
      </object_component>
      <object_component id="oc-21c">
         <name>.debug_info</name>
         <load_address>0x8631</load_address>
         <run_address>0x8631</run_address>
         <size>0x30c</size>
         <input_file_ref idref="fl-8"/>
      </object_component>
      <object_component id="oc-259">
         <name>.debug_info</name>
         <load_address>0x893d</load_address>
         <run_address>0x893d</run_address>
         <size>0x379</size>
         <input_file_ref idref="fl-8"/>
      </object_component>
      <object_component id="oc-211">
         <name>.debug_info</name>
         <load_address>0x8cb6</load_address>
         <run_address>0x8cb6</run_address>
         <size>0xe1</size>
         <input_file_ref idref="fl-8"/>
      </object_component>
      <object_component id="oc-30d">
         <name>.debug_info</name>
         <load_address>0x8d97</load_address>
         <run_address>0x8d97</run_address>
         <size>0xcc</size>
         <input_file_ref idref="fl-8"/>
      </object_component>
      <object_component id="oc-216">
         <name>.debug_info</name>
         <load_address>0x8e63</load_address>
         <run_address>0x8e63</run_address>
         <size>0x2c</size>
         <input_file_ref idref="fl-8"/>
      </object_component>
      <object_component id="oc-254">
         <name>.debug_info</name>
         <load_address>0x8e8f</load_address>
         <run_address>0x8e8f</run_address>
         <size>0x14c</size>
         <input_file_ref idref="fl-8"/>
      </object_component>
      <object_component id="oc-2ae">
         <name>.debug_info</name>
         <load_address>0x8fdb</load_address>
         <run_address>0x8fdb</run_address>
         <size>0x53c</size>
         <input_file_ref idref="fl-9"/>
      </object_component>
      <object_component id="oc-20e">
         <name>.debug_info</name>
         <load_address>0x9517</load_address>
         <run_address>0x9517</run_address>
         <size>0x1468</size>
         <input_file_ref idref="fl-9"/>
      </object_component>
      <object_component id="oc-2a8">
         <name>.debug_info</name>
         <load_address>0xa97f</load_address>
         <run_address>0xa97f</run_address>
         <size>0x110</size>
         <input_file_ref idref="fl-9"/>
      </object_component>
      <object_component id="oc-226">
         <name>.debug_info</name>
         <load_address>0xaa8f</load_address>
         <run_address>0xaa8f</run_address>
         <size>0x39</size>
         <input_file_ref idref="fl-9"/>
      </object_component>
      <object_component id="oc-24a">
         <name>.debug_info</name>
         <load_address>0xaac8</load_address>
         <run_address>0xaac8</run_address>
         <size>0x46</size>
         <input_file_ref idref="fl-9"/>
      </object_component>
      <object_component id="oc-306">
         <name>.debug_info</name>
         <load_address>0xab0e</load_address>
         <run_address>0xab0e</run_address>
         <size>0x62</size>
         <input_file_ref idref="fl-9"/>
      </object_component>
      <object_component id="oc-2bf">
         <name>.debug_info</name>
         <load_address>0xab70</load_address>
         <run_address>0xab70</run_address>
         <size>0x2e4</size>
         <input_file_ref idref="fl-a"/>
      </object_component>
      <object_component id="oc-313">
         <name>.debug_info</name>
         <load_address>0xae54</load_address>
         <run_address>0xae54</run_address>
         <size>0xca</size>
         <input_file_ref idref="fl-a"/>
      </object_component>
      <object_component id="oc-2bc">
         <name>.debug_info</name>
         <load_address>0xaf1e</load_address>
         <run_address>0xaf1e</run_address>
         <size>0xca</size>
         <input_file_ref idref="fl-a"/>
      </object_component>
      <object_component id="oc-2b9">
         <name>.debug_info</name>
         <load_address>0xafe8</load_address>
         <run_address>0xafe8</run_address>
         <size>0x17e</size>
         <input_file_ref idref="fl-a"/>
      </object_component>
      <object_component id="oc-22e">
         <name>.debug_info</name>
         <load_address>0xb166</load_address>
         <run_address>0xb166</run_address>
         <size>0x527</size>
         <input_file_ref idref="fl-a"/>
      </object_component>
      <object_component id="oc-2b5">
         <name>.debug_info</name>
         <load_address>0xb68d</load_address>
         <run_address>0xb68d</run_address>
         <size>0x2a1</size>
         <input_file_ref idref="fl-a"/>
      </object_component>
      <object_component id="oc-31a">
         <name>.debug_info</name>
         <load_address>0xb92e</load_address>
         <run_address>0xb92e</run_address>
         <size>0x62</size>
         <input_file_ref idref="fl-a"/>
      </object_component>
      <object_component id="oc-2c1">
         <name>.debug_info</name>
         <load_address>0xb990</load_address>
         <run_address>0xb990</run_address>
         <size>0x21f</size>
         <input_file_ref idref="fl-b"/>
      </object_component>
      <object_component id="oc-232">
         <name>.debug_info</name>
         <load_address>0xbbaf</load_address>
         <run_address>0xbbaf</run_address>
         <size>0x4a8</size>
         <input_file_ref idref="fl-b"/>
      </object_component>
      <object_component id="oc-21b">
         <name>.debug_info</name>
         <load_address>0xc057</load_address>
         <run_address>0xc057</run_address>
         <size>0xceb</size>
         <input_file_ref idref="fl-c"/>
      </object_component>
      <object_component id="oc-132">
         <name>.debug_info</name>
         <load_address>0xcd42</load_address>
         <run_address>0xcd42</run_address>
         <size>0x3b04</size>
         <input_file_ref idref="fl-c"/>
      </object_component>
      <object_component id="oc-221">
         <name>.debug_info</name>
         <load_address>0x10846</load_address>
         <run_address>0x10846</run_address>
         <size>0x46</size>
         <input_file_ref idref="fl-c"/>
      </object_component>
      <object_component id="oc-2c9">
         <name>.debug_info</name>
         <load_address>0x1088c</load_address>
         <run_address>0x1088c</run_address>
         <size>0x337</size>
         <input_file_ref idref="fl-d"/>
      </object_component>
      <object_component id="oc-160">
         <name>.debug_info</name>
         <load_address>0x10bc3</load_address>
         <run_address>0x10bc3</run_address>
         <size>0x118</size>
         <input_file_ref idref="fl-d"/>
      </object_component>
      <object_component id="oc-239">
         <name>.debug_info</name>
         <load_address>0x10cdb</load_address>
         <run_address>0x10cdb</run_address>
         <size>0x5aa</size>
         <input_file_ref idref="fl-d"/>
      </object_component>
      <object_component id="oc-2c4">
         <name>.debug_info</name>
         <load_address>0x11285</load_address>
         <run_address>0x11285</run_address>
         <size>0x350</size>
         <input_file_ref idref="fl-d"/>
      </object_component>
      <object_component id="oc-9d">
         <name>.debug_info</name>
         <load_address>0x115d5</load_address>
         <run_address>0x115d5</run_address>
         <size>0x493</size>
         <input_file_ref idref="fl-e"/>
      </object_component>
      <object_component id="oc-2a7">
         <name>.debug_info</name>
         <load_address>0x11a68</load_address>
         <run_address>0x11a68</run_address>
         <size>0x596</size>
         <input_file_ref idref="fl-f"/>
      </object_component>
      <object_component id="oc-205">
         <name>.debug_info</name>
         <load_address>0x11ffe</load_address>
         <run_address>0x11ffe</run_address>
         <size>0x2426</size>
         <input_file_ref idref="fl-f"/>
      </object_component>
      <object_component id="oc-2ff">
         <name>.debug_info</name>
         <load_address>0x14424</load_address>
         <run_address>0x14424</run_address>
         <size>0x155</size>
         <input_file_ref idref="fl-f"/>
      </object_component>
      <object_component id="oc-247">
         <name>.debug_info</name>
         <load_address>0x14579</load_address>
         <run_address>0x14579</run_address>
         <size>0x70d</size>
         <input_file_ref idref="fl-10"/>
      </object_component>
      <object_component id="oc-15d">
         <name>.debug_info</name>
         <load_address>0x14c86</load_address>
         <run_address>0x14c86</run_address>
         <size>0x33b</size>
         <input_file_ref idref="fl-10"/>
      </object_component>
      <object_component id="oc-23e">
         <name>.debug_info</name>
         <load_address>0x14fc1</load_address>
         <run_address>0x14fc1</run_address>
         <size>0x267</size>
         <input_file_ref idref="fl-10"/>
      </object_component>
      <object_component id="oc-138">
         <name>.debug_info</name>
         <load_address>0x15228</load_address>
         <run_address>0x15228</run_address>
         <size>0x4bf9</size>
         <input_file_ref idref="fl-10"/>
      </object_component>
      <object_component id="oc-200">
         <name>.debug_info</name>
         <load_address>0x19e21</load_address>
         <run_address>0x19e21</run_address>
         <size>0x3f7</size>
         <input_file_ref idref="fl-10"/>
      </object_component>
      <object_component id="oc-2d0">
         <name>.debug_info</name>
         <load_address>0x1a218</load_address>
         <run_address>0x1a218</run_address>
         <size>0x146</size>
         <input_file_ref idref="fl-10"/>
      </object_component>
      <object_component id="oc-19f">
         <name>.debug_info</name>
         <load_address>0x1a35e</load_address>
         <run_address>0x1a35e</run_address>
         <size>0x140</size>
         <input_file_ref idref="fl-12"/>
      </object_component>
      <object_component id="oc-e2">
         <name>.debug_info</name>
         <load_address>0x1a49e</load_address>
         <run_address>0x1a49e</run_address>
         <size>0x1d3</size>
         <input_file_ref idref="fl-12"/>
      </object_component>
      <object_component id="oc-1c0">
         <name>.debug_info</name>
         <load_address>0x1a671</load_address>
         <run_address>0x1a671</run_address>
         <size>0x1d8</size>
         <input_file_ref idref="fl-12"/>
      </object_component>
      <object_component id="oc-27b">
         <name>.debug_info</name>
         <load_address>0x1a849</load_address>
         <run_address>0x1a849</run_address>
         <size>0xc6</size>
         <input_file_ref idref="fl-12"/>
      </object_component>
      <object_component id="oc-1f6">
         <name>.debug_info</name>
         <load_address>0x1a90f</load_address>
         <run_address>0x1a90f</run_address>
         <size>0x190</size>
         <input_file_ref idref="fl-13"/>
      </object_component>
      <object_component id="oc-1f3">
         <name>.debug_info</name>
         <load_address>0x1aa9f</load_address>
         <run_address>0x1aa9f</run_address>
         <size>0xd4</size>
         <input_file_ref idref="fl-13"/>
      </object_component>
      <object_component id="oc-128">
         <name>.debug_info</name>
         <load_address>0x1ab73</load_address>
         <run_address>0x1ab73</run_address>
         <size>0xf66</size>
         <input_file_ref idref="fl-13"/>
      </object_component>
      <object_component id="oc-299">
         <name>.debug_info</name>
         <load_address>0x1bad9</load_address>
         <run_address>0x1bad9</run_address>
         <size>0xb9</size>
         <input_file_ref idref="fl-13"/>
      </object_component>
      <object_component id="oc-67">
         <name>.debug_info</name>
         <load_address>0x1bb92</load_address>
         <run_address>0x1bb92</run_address>
         <size>0x76e</size>
         <input_file_ref idref="fl-14"/>
      </object_component>
      <object_component id="oc-2d">
         <name>.debug_info</name>
         <load_address>0x1c300</load_address>
         <run_address>0x1c300</run_address>
         <size>0xf5</size>
         <input_file_ref idref="fl-15"/>
      </object_component>
      <object_component id="oc-13e">
         <name>.debug_info</name>
         <load_address>0x1c3f5</load_address>
         <run_address>0x1c3f5</run_address>
         <size>0x5c7</size>
         <input_file_ref idref="fl-16"/>
      </object_component>
      <object_component id="oc-141">
         <name>.debug_info</name>
         <load_address>0x1c9bc</load_address>
         <run_address>0x1c9bc</run_address>
         <size>0x14f</size>
         <input_file_ref idref="fl-16"/>
      </object_component>
      <object_component id="oc-144">
         <name>.debug_info</name>
         <load_address>0x1cb0b</load_address>
         <run_address>0x1cb0b</run_address>
         <size>0xda</size>
         <input_file_ref idref="fl-16"/>
      </object_component>
      <object_component id="oc-89">
         <name>.debug_info</name>
         <load_address>0x1cbe5</load_address>
         <run_address>0x1cbe5</run_address>
         <size>0x646</size>
         <input_file_ref idref="fl-16"/>
      </object_component>
      <object_component id="oc-281">
         <name>.debug_info</name>
         <load_address>0x1d22b</load_address>
         <run_address>0x1d22b</run_address>
         <size>0x15f</size>
         <input_file_ref idref="fl-18"/>
      </object_component>
      <object_component id="oc-2ec">
         <name>.debug_info</name>
         <load_address>0x1d38a</load_address>
         <run_address>0x1d38a</run_address>
         <size>0x242</size>
         <input_file_ref idref="fl-18"/>
      </object_component>
      <object_component id="oc-1ca">
         <name>.debug_info</name>
         <load_address>0x1d5cc</load_address>
         <run_address>0x1d5cc</run_address>
         <size>0x2af</size>
         <input_file_ref idref="fl-18"/>
      </object_component>
      <object_component id="oc-30">
         <name>.debug_info</name>
         <load_address>0x1d87b</load_address>
         <run_address>0x1d87b</run_address>
         <size>0x12a</size>
         <input_file_ref idref="fl-19"/>
      </object_component>
      <object_component id="oc-ea">
         <name>.debug_info</name>
         <load_address>0x1d9a5</load_address>
         <run_address>0x1d9a5</run_address>
         <size>0x354</size>
         <input_file_ref idref="fl-1a"/>
      </object_component>
      <object_component id="oc-ed">
         <name>.debug_info</name>
         <load_address>0x1dcf9</load_address>
         <run_address>0x1dcf9</run_address>
         <size>0x521</size>
         <input_file_ref idref="fl-1b"/>
      </object_component>
      <object_component id="oc-7c">
         <name>.debug_info</name>
         <load_address>0x1e21a</load_address>
         <run_address>0x1e21a</run_address>
         <size>0x27ef</size>
         <input_file_ref idref="fl-1b"/>
      </object_component>
      <object_component id="oc-1c">
         <name>.debug_info</name>
         <load_address>0x20a09</load_address>
         <run_address>0x20a09</run_address>
         <size>0x511</size>
         <input_file_ref idref="fl-1c"/>
      </object_component>
      <object_component id="oc-70">
         <name>.debug_info</name>
         <load_address>0x20f1a</load_address>
         <run_address>0x20f1a</run_address>
         <size>0x123</size>
         <input_file_ref idref="fl-1c"/>
      </object_component>
      <object_component id="oc-a3">
         <name>.debug_info</name>
         <load_address>0x2103d</load_address>
         <run_address>0x2103d</run_address>
         <size>0x359</size>
         <input_file_ref idref="fl-1d"/>
      </object_component>
      <object_component id="oc-28">
         <name>.debug_info</name>
         <load_address>0x21396</load_address>
         <run_address>0x21396</run_address>
         <size>0xd2</size>
         <input_file_ref idref="fl-1d"/>
      </object_component>
      <object_component id="oc-3b">
         <name>.debug_info</name>
         <load_address>0x21468</load_address>
         <run_address>0x21468</run_address>
         <size>0x464</size>
         <input_file_ref idref="fl-1d"/>
      </object_component>
      <object_component id="oc-36">
         <name>.debug_info</name>
         <load_address>0x218cc</load_address>
         <run_address>0x218cc</run_address>
         <size>0x1ed</size>
         <input_file_ref idref="fl-1d"/>
      </object_component>
      <object_component id="oc-188">
         <name>.debug_info</name>
         <load_address>0x21ab9</load_address>
         <run_address>0x21ab9</run_address>
         <size>0x4f</size>
         <input_file_ref idref="fl-1d"/>
      </object_component>
      <object_component id="oc-e6">
         <name>.debug_info</name>
         <load_address>0x21b08</load_address>
         <run_address>0x21b08</run_address>
         <size>0x3cd</size>
         <input_file_ref idref="fl-1e"/>
      </object_component>
      <object_component id="oc-76">
         <name>.debug_info</name>
         <load_address>0x21ed5</load_address>
         <run_address>0x21ed5</run_address>
         <size>0x7c7</size>
         <input_file_ref idref="fl-1e"/>
      </object_component>
      <object_component id="oc-d2">
         <name>.debug_info</name>
         <load_address>0x2269c</load_address>
         <run_address>0x2269c</run_address>
         <size>0x11a</size>
         <input_file_ref idref="fl-d8"/>
      </object_component>
      <object_component id="oc-4f">
         <name>.debug_info</name>
         <load_address>0x227b6</load_address>
         <run_address>0x227b6</run_address>
         <size>0x152</size>
         <input_file_ref idref="fl-dd"/>
      </object_component>
      <object_component id="oc-1e4">
         <name>.debug_info</name>
         <load_address>0x22908</load_address>
         <run_address>0x22908</run_address>
         <size>0x353</size>
         <input_file_ref idref="fl-df"/>
      </object_component>
      <object_component id="oc-f7">
         <name>.debug_info</name>
         <load_address>0x22c5b</load_address>
         <run_address>0x22c5b</run_address>
         <size>0x174</size>
         <input_file_ref idref="fl-df"/>
      </object_component>
      <object_component id="oc-284">
         <name>.debug_info</name>
         <load_address>0x22dcf</load_address>
         <run_address>0x22dcf</run_address>
         <size>0x39</size>
         <input_file_ref idref="fl-df"/>
      </object_component>
      <object_component id="oc-2f1">
         <name>.debug_info</name>
         <load_address>0x22e08</load_address>
         <run_address>0x22e08</run_address>
         <size>0x39</size>
         <input_file_ref idref="fl-df"/>
      </object_component>
      <object_component id="oc-289">
         <name>.debug_info</name>
         <load_address>0x22e41</load_address>
         <run_address>0x22e41</run_address>
         <size>0x39</size>
         <input_file_ref idref="fl-df"/>
      </object_component>
      <object_component id="oc-28e">
         <name>.debug_info</name>
         <load_address>0x22e7a</load_address>
         <run_address>0x22e7a</run_address>
         <size>0xcd</size>
         <input_file_ref idref="fl-df"/>
      </object_component>
      <object_component id="oc-d0">
         <name>.debug_info</name>
         <load_address>0x22f47</load_address>
         <run_address>0x22f47</run_address>
         <size>0x16f</size>
         <input_file_ref idref="fl-e1"/>
      </object_component>
      <object_component id="oc-61">
         <name>.debug_info</name>
         <load_address>0x230b6</load_address>
         <run_address>0x230b6</run_address>
         <size>0x16e</size>
         <input_file_ref idref="fl-e1"/>
      </object_component>
      <object_component id="oc-cb">
         <name>.debug_info</name>
         <load_address>0x23224</load_address>
         <run_address>0x23224</run_address>
         <size>0x46</size>
         <input_file_ref idref="fl-e1"/>
      </object_component>
      <object_component id="oc-57">
         <name>.debug_info</name>
         <load_address>0x2326a</load_address>
         <run_address>0x2326a</run_address>
         <size>0x143</size>
         <input_file_ref idref="fl-e2"/>
      </object_component>
      <object_component id="oc-15">
         <name>.debug_info</name>
         <load_address>0x233ad</load_address>
         <run_address>0x233ad</run_address>
         <size>0x1a3</size>
         <input_file_ref idref="fl-e2"/>
      </object_component>
      <object_component id="oc-52">
         <name>.debug_info</name>
         <load_address>0x23550</load_address>
         <run_address>0x23550</run_address>
         <size>0x46</size>
         <input_file_ref idref="fl-e2"/>
      </object_component>
      <object_component id="oc-c3">
         <name>.debug_info</name>
         <load_address>0x23596</load_address>
         <run_address>0x23596</run_address>
         <size>0x2c</size>
         <input_file_ref idref="fl-e2"/>
      </object_component>
      <object_component id="oc-c1">
         <name>.debug_info</name>
         <load_address>0x235c2</load_address>
         <run_address>0x235c2</run_address>
         <size>0x13e</size>
         <input_file_ref idref="fl-e3"/>
      </object_component>
      <object_component id="oc-f">
         <name>.debug_info</name>
         <load_address>0x23700</load_address>
         <run_address>0x23700</run_address>
         <size>0x21e</size>
         <input_file_ref idref="fl-e3"/>
      </object_component>
      <object_component id="oc-42">
         <name>.debug_info</name>
         <load_address>0x2391e</load_address>
         <run_address>0x2391e</run_address>
         <size>0x60</size>
         <input_file_ref idref="fl-e3"/>
      </object_component>
      <object_component id="oc-18e">
         <name>.debug_info</name>
         <load_address>0x2397e</load_address>
         <run_address>0x2397e</run_address>
         <size>0x46</size>
         <input_file_ref idref="fl-e3"/>
      </object_component>
      <object_component id="oc-bc">
         <name>.debug_info</name>
         <load_address>0x239c4</load_address>
         <run_address>0x239c4</run_address>
         <size>0x39</size>
         <input_file_ref idref="fl-e3"/>
      </object_component>
      <object_component id="oc-152">
         <name>.debug_info</name>
         <load_address>0x239fd</load_address>
         <run_address>0x239fd</run_address>
         <size>0xf0</size>
         <input_file_ref idref="fl-e4"/>
      </object_component>
      <object_component id="oc-2cd">
         <name>.debug_info</name>
         <load_address>0x23aed</load_address>
         <run_address>0x23aed</run_address>
         <size>0x12f</size>
         <input_file_ref idref="fl-e6"/>
      </object_component>
      <object_component id="oc-241">
         <name>.debug_info</name>
         <load_address>0x23c1c</load_address>
         <run_address>0x23c1c</run_address>
         <size>0x1b1</size>
         <input_file_ref idref="fl-e6"/>
      </object_component>
      <object_component id="oc-357">
         <name>.debug_info</name>
         <load_address>0x23dcd</load_address>
         <run_address>0x23dcd</run_address>
         <size>0x94</size>
      </object_component>
      <object_component id="oc-a8">
         <name>.debug_line</name>
         <load_address>0x0</load_address>
         <run_address>0x0</run_address>
         <size>0x78</size>
         <input_file_ref idref="fl-2"/>
      </object_component>
      <object_component id="oc-278">
         <name>.debug_line</name>
         <load_address>0x78</load_address>
         <run_address>0x78</run_address>
         <size>0x20</size>
         <input_file_ref idref="fl-3"/>
      </object_component>
      <object_component id="oc-6d">
         <name>.debug_line</name>
         <load_address>0x98</load_address>
         <run_address>0x98</run_address>
         <size>0x1fb</size>
         <input_file_ref idref="fl-3"/>
      </object_component>
      <object_component id="oc-4a">
         <name>.debug_line</name>
         <load_address>0x293</load_address>
         <run_address>0x293</run_address>
         <size>0x20</size>
         <input_file_ref idref="fl-3"/>
      </object_component>
      <object_component id="oc-dc">
         <name>.debug_line</name>
         <load_address>0x2b3</load_address>
         <run_address>0x2b3</run_address>
         <size>0x63</size>
         <input_file_ref idref="fl-3"/>
      </object_component>
      <object_component id="oc-1e2">
         <name>.debug_line</name>
         <load_address>0x316</load_address>
         <run_address>0x316</run_address>
         <size>0x50</size>
         <input_file_ref idref="fl-4"/>
      </object_component>
      <object_component id="oc-86">
         <name>.debug_line</name>
         <load_address>0x366</load_address>
         <run_address>0x366</run_address>
         <size>0x289</size>
         <input_file_ref idref="fl-4"/>
      </object_component>
      <object_component id="oc-22">
         <name>.debug_line</name>
         <load_address>0x5ef</load_address>
         <run_address>0x5ef</run_address>
         <size>0x6e</size>
         <input_file_ref idref="fl-4"/>
      </object_component>
      <object_component id="oc-168">
         <name>.debug_line</name>
         <load_address>0x65d</load_address>
         <run_address>0x65d</run_address>
         <size>0x6f</size>
         <input_file_ref idref="fl-4"/>
      </object_component>
      <object_component id="oc-9a">
         <name>.debug_line</name>
         <load_address>0x6cc</load_address>
         <run_address>0x6cc</run_address>
         <size>0x59</size>
         <input_file_ref idref="fl-4"/>
      </object_component>
      <object_component id="oc-b5">
         <name>.debug_line</name>
         <load_address>0x725</load_address>
         <run_address>0x725</run_address>
         <size>0x20</size>
         <input_file_ref idref="fl-4"/>
      </object_component>
      <object_component id="oc-b0">
         <name>.debug_line</name>
         <load_address>0x745</load_address>
         <run_address>0x745</run_address>
         <size>0x54</size>
         <input_file_ref idref="fl-4"/>
      </object_component>
      <object_component id="oc-265">
         <name>.debug_line</name>
         <load_address>0x799</load_address>
         <run_address>0x799</run_address>
         <size>0x73</size>
         <input_file_ref idref="fl-4"/>
      </object_component>
      <object_component id="oc-14c">
         <name>.debug_line</name>
         <load_address>0x80c</load_address>
         <run_address>0x80c</run_address>
         <size>0x70</size>
         <input_file_ref idref="fl-4"/>
      </object_component>
      <object_component id="oc-ba">
         <name>.debug_line</name>
         <load_address>0x87c</load_address>
         <run_address>0x87c</run_address>
         <size>0x57</size>
         <input_file_ref idref="fl-4"/>
      </object_component>
      <object_component id="oc-16d">
         <name>.debug_line</name>
         <load_address>0x8d3</load_address>
         <run_address>0x8d3</run_address>
         <size>0x54</size>
         <input_file_ref idref="fl-4"/>
      </object_component>
      <object_component id="oc-f2">
         <name>.debug_line</name>
         <load_address>0x927</load_address>
         <run_address>0x927</run_address>
         <size>0x50</size>
         <input_file_ref idref="fl-4"/>
      </object_component>
      <object_component id="oc-186">
         <name>.debug_line</name>
         <load_address>0x977</load_address>
         <run_address>0x977</run_address>
         <size>0x54</size>
         <input_file_ref idref="fl-4"/>
      </object_component>
      <object_component id="oc-29f">
         <name>.debug_line</name>
         <load_address>0x9cb</load_address>
         <run_address>0x9cb</run_address>
         <size>0x20</size>
         <input_file_ref idref="fl-5"/>
      </object_component>
      <object_component id="oc-12c">
         <name>.debug_line</name>
         <load_address>0x9eb</load_address>
         <run_address>0x9eb</run_address>
         <size>0x17f</size>
         <input_file_ref idref="fl-5"/>
      </object_component>
      <object_component id="oc-177">
         <name>.debug_line</name>
         <load_address>0xb6a</load_address>
         <run_address>0xb6a</run_address>
         <size>0x54</size>
         <input_file_ref idref="fl-5"/>
      </object_component>
      <object_component id="oc-2a3">
         <name>.debug_line</name>
         <load_address>0xbbe</load_address>
         <run_address>0xbbe</run_address>
         <size>0x50</size>
         <input_file_ref idref="fl-5"/>
      </object_component>
      <object_component id="oc-2e4">
         <name>.debug_line</name>
         <load_address>0xc0e</load_address>
         <run_address>0xc0e</run_address>
         <size>0x20</size>
         <input_file_ref idref="fl-6"/>
      </object_component>
      <object_component id="oc-198">
         <name>.debug_line</name>
         <load_address>0xc2e</load_address>
         <run_address>0xc2e</run_address>
         <size>0x6b</size>
         <input_file_ref idref="fl-6"/>
      </object_component>
      <object_component id="oc-1be">
         <name>.debug_line</name>
         <load_address>0xc99</load_address>
         <run_address>0xc99</run_address>
         <size>0x54</size>
         <input_file_ref idref="fl-6"/>
      </object_component>
      <object_component id="oc-2e8">
         <name>.debug_line</name>
         <load_address>0xced</load_address>
         <run_address>0xced</run_address>
         <size>0x50</size>
         <input_file_ref idref="fl-6"/>
      </object_component>
      <object_component id="oc-272">
         <name>.debug_line</name>
         <load_address>0xd3d</load_address>
         <run_address>0xd3d</run_address>
         <size>0x20</size>
         <input_file_ref idref="fl-7"/>
      </object_component>
      <object_component id="oc-95">
         <name>.debug_line</name>
         <load_address>0xd5d</load_address>
         <run_address>0xd5d</run_address>
         <size>0x114</size>
         <input_file_ref idref="fl-7"/>
      </object_component>
      <object_component id="oc-1a5">
         <name>.debug_line</name>
         <load_address>0xe71</load_address>
         <run_address>0xe71</run_address>
         <size>0x54</size>
         <input_file_ref idref="fl-7"/>
      </object_component>
      <object_component id="oc-1aa">
         <name>.debug_line</name>
         <load_address>0xec5</load_address>
         <run_address>0xec5</run_address>
         <size>0x57</size>
         <input_file_ref idref="fl-7"/>
      </object_component>
      <object_component id="oc-1af">
         <name>.debug_line</name>
         <load_address>0xf1c</load_address>
         <run_address>0xf1c</run_address>
         <size>0x54</size>
         <input_file_ref idref="fl-7"/>
      </object_component>
      <object_component id="oc-1fa">
         <name>.debug_line</name>
         <load_address>0xf70</load_address>
         <run_address>0xf70</run_address>
         <size>0x50</size>
         <input_file_ref idref="fl-7"/>
      </object_component>
      <object_component id="oc-1b4">
         <name>.debug_line</name>
         <load_address>0xfc0</load_address>
         <run_address>0xfc0</run_address>
         <size>0x54</size>
         <input_file_ref idref="fl-7"/>
      </object_component>
      <object_component id="oc-1df">
         <name>.debug_line</name>
         <load_address>0x1014</load_address>
         <run_address>0x1014</run_address>
         <size>0x59</size>
         <input_file_ref idref="fl-7"/>
      </object_component>
      <object_component id="oc-1b9">
         <name>.debug_line</name>
         <load_address>0x106d</load_address>
         <run_address>0x106d</run_address>
         <size>0x54</size>
         <input_file_ref idref="fl-7"/>
      </object_component>
      <object_component id="oc-172">
         <name>.debug_line</name>
         <load_address>0x10c1</load_address>
         <run_address>0x10c1</run_address>
         <size>0x56</size>
         <input_file_ref idref="fl-7"/>
      </object_component>
      <object_component id="oc-1d2">
         <name>.debug_line</name>
         <load_address>0x1117</load_address>
         <run_address>0x1117</run_address>
         <size>0x53</size>
         <input_file_ref idref="fl-7"/>
      </object_component>
      <object_component id="oc-1c8">
         <name>.debug_line</name>
         <load_address>0x116a</load_address>
         <run_address>0x116a</run_address>
         <size>0x56</size>
         <input_file_ref idref="fl-7"/>
      </object_component>
      <object_component id="oc-252">
         <name>.debug_line</name>
         <load_address>0x11c0</load_address>
         <run_address>0x11c0</run_address>
         <size>0x54</size>
         <input_file_ref idref="fl-7"/>
      </object_component>
      <object_component id="oc-1d7">
         <name>.debug_line</name>
         <load_address>0x1214</load_address>
         <run_address>0x1214</run_address>
         <size>0x54</size>
         <input_file_ref idref="fl-7"/>
      </object_component>
      <object_component id="oc-17c">
         <name>.debug_line</name>
         <load_address>0x1268</load_address>
         <run_address>0x1268</run_address>
         <size>0x57</size>
         <input_file_ref idref="fl-7"/>
      </object_component>
      <object_component id="oc-181">
         <name>.debug_line</name>
         <load_address>0x12bf</load_address>
         <run_address>0x12bf</run_address>
         <size>0x56</size>
         <input_file_ref idref="fl-7"/>
      </object_component>
      <object_component id="oc-30c">
         <name>.debug_line</name>
         <load_address>0x1315</load_address>
         <run_address>0x1315</run_address>
         <size>0x20</size>
         <input_file_ref idref="fl-8"/>
      </object_component>
      <object_component id="oc-21f">
         <name>.debug_line</name>
         <load_address>0x1335</load_address>
         <run_address>0x1335</run_address>
         <size>0x54</size>
         <input_file_ref idref="fl-8"/>
      </object_component>
      <object_component id="oc-25c">
         <name>.debug_line</name>
         <load_address>0x1389</load_address>
         <run_address>0x1389</run_address>
         <size>0x55</size>
         <input_file_ref idref="fl-8"/>
      </object_component>
      <object_component id="oc-214">
         <name>.debug_line</name>
         <load_address>0x13de</load_address>
         <run_address>0x13de</run_address>
         <size>0x59</size>
         <input_file_ref idref="fl-8"/>
      </object_component>
      <object_component id="oc-310">
         <name>.debug_line</name>
         <load_address>0x1437</load_address>
         <run_address>0x1437</run_address>
         <size>0x58</size>
         <input_file_ref idref="fl-8"/>
      </object_component>
      <object_component id="oc-219">
         <name>.debug_line</name>
         <load_address>0x148f</load_address>
         <run_address>0x148f</run_address>
         <size>0x58</size>
         <input_file_ref idref="fl-8"/>
      </object_component>
      <object_component id="oc-257">
         <name>.debug_line</name>
         <load_address>0x14e7</load_address>
         <run_address>0x14e7</run_address>
         <size>0x54</size>
         <input_file_ref idref="fl-8"/>
      </object_component>
      <object_component id="oc-305">
         <name>.debug_line</name>
         <load_address>0x153b</load_address>
         <run_address>0x153b</run_address>
         <size>0xf9</size>
         <input_file_ref idref="fl-9"/>
      </object_component>
      <object_component id="oc-20c">
         <name>.debug_line</name>
         <load_address>0x1634</load_address>
         <run_address>0x1634</run_address>
         <size>0x2ec</size>
         <input_file_ref idref="fl-9"/>
      </object_component>
      <object_component id="oc-2ab">
         <name>.debug_line</name>
         <load_address>0x1920</load_address>
         <run_address>0x1920</run_address>
         <size>0x6b</size>
         <input_file_ref idref="fl-9"/>
      </object_component>
      <object_component id="oc-229">
         <name>.debug_line</name>
         <load_address>0x198b</load_address>
         <run_address>0x198b</run_address>
         <size>0x5c</size>
         <input_file_ref idref="fl-9"/>
      </object_component>
      <object_component id="oc-24d">
         <name>.debug_line</name>
         <load_address>0x19e7</load_address>
         <run_address>0x19e7</run_address>
         <size>0x55</size>
         <input_file_ref idref="fl-9"/>
      </object_component>
      <object_component id="oc-309">
         <name>.debug_line</name>
         <load_address>0x1a3c</load_address>
         <run_address>0x1a3c</run_address>
         <size>0x3f</size>
         <input_file_ref idref="fl-9"/>
      </object_component>
      <object_component id="oc-320">
         <name>.debug_line</name>
         <load_address>0x1a7b</load_address>
         <run_address>0x1a7b</run_address>
         <size>0x8d</size>
         <input_file_ref idref="fl-a"/>
      </object_component>
      <object_component id="oc-32c">
         <name>.debug_line</name>
         <load_address>0x1b08</load_address>
         <run_address>0x1b08</run_address>
         <size>0x37</size>
         <input_file_ref idref="fl-a"/>
      </object_component>
      <object_component id="oc-319">
         <name>.debug_line</name>
         <load_address>0x1b3f</load_address>
         <run_address>0x1b3f</run_address>
         <size>0x37</size>
         <input_file_ref idref="fl-a"/>
      </object_component>
      <object_component id="oc-317">
         <name>.debug_line</name>
         <load_address>0x1b76</load_address>
         <run_address>0x1b76</run_address>
         <size>0x37</size>
         <input_file_ref idref="fl-a"/>
      </object_component>
      <object_component id="oc-22c">
         <name>.debug_line</name>
         <load_address>0x1bad</load_address>
         <run_address>0x1bad</run_address>
         <size>0x11b</size>
         <input_file_ref idref="fl-a"/>
      </object_component>
      <object_component id="oc-2b3">
         <name>.debug_line</name>
         <load_address>0x1cc8</load_address>
         <run_address>0x1cc8</run_address>
         <size>0xb0</size>
         <input_file_ref idref="fl-a"/>
      </object_component>
      <object_component id="oc-31d">
         <name>.debug_line</name>
         <load_address>0x1d78</load_address>
         <run_address>0x1d78</run_address>
         <size>0x37</size>
         <input_file_ref idref="fl-a"/>
      </object_component>
      <object_component id="oc-322">
         <name>.debug_line</name>
         <load_address>0x1daf</load_address>
         <run_address>0x1daf</run_address>
         <size>0x20</size>
         <input_file_ref idref="fl-b"/>
      </object_component>
      <object_component id="oc-235">
         <name>.debug_line</name>
         <load_address>0x1dcf</load_address>
         <run_address>0x1dcf</run_address>
         <size>0xef</size>
         <input_file_ref idref="fl-b"/>
      </object_component>
      <object_component id="oc-2b1">
         <name>.debug_line</name>
         <load_address>0x1ebe</load_address>
         <run_address>0x1ebe</run_address>
         <size>0xe4</size>
         <input_file_ref idref="fl-c"/>
      </object_component>
      <object_component id="oc-136">
         <name>.debug_line</name>
         <load_address>0x1fa2</load_address>
         <run_address>0x1fa2</run_address>
         <size>0x570</size>
         <input_file_ref idref="fl-c"/>
      </object_component>
      <object_component id="oc-224">
         <name>.debug_line</name>
         <load_address>0x2512</load_address>
         <run_address>0x2512</run_address>
         <size>0x55</size>
         <input_file_ref idref="fl-c"/>
      </object_component>
      <object_component id="oc-325">
         <name>.debug_line</name>
         <load_address>0x2567</load_address>
         <run_address>0x2567</run_address>
         <size>0xa5</size>
         <input_file_ref idref="fl-d"/>
      </object_component>
      <object_component id="oc-276">
         <name>.debug_line</name>
         <load_address>0x260c</load_address>
         <run_address>0x260c</run_address>
         <size>0x37</size>
         <input_file_ref idref="fl-d"/>
      </object_component>
      <object_component id="oc-238">
         <name>.debug_line</name>
         <load_address>0x2643</load_address>
         <run_address>0x2643</run_address>
         <size>0x113</size>
         <input_file_ref idref="fl-d"/>
      </object_component>
      <object_component id="oc-2c7">
         <name>.debug_line</name>
         <load_address>0x2756</load_address>
         <run_address>0x2756</run_address>
         <size>0xac</size>
         <input_file_ref idref="fl-d"/>
      </object_component>
      <object_component id="oc-a0">
         <name>.debug_line</name>
         <load_address>0x2802</load_address>
         <run_address>0x2802</run_address>
         <size>0x208</size>
         <input_file_ref idref="fl-e"/>
      </object_component>
      <object_component id="oc-2fe">
         <name>.debug_line</name>
         <load_address>0x2a0a</load_address>
         <run_address>0x2a0a</run_address>
         <size>0xf9</size>
         <input_file_ref idref="fl-f"/>
      </object_component>
      <object_component id="oc-209">
         <name>.debug_line</name>
         <load_address>0x2b03</load_address>
         <run_address>0x2b03</run_address>
         <size>0x5ae</size>
         <input_file_ref idref="fl-f"/>
      </object_component>
      <object_component id="oc-302">
         <name>.debug_line</name>
         <load_address>0x30b1</load_address>
         <run_address>0x30b1</run_address>
         <size>0x38</size>
         <input_file_ref idref="fl-f"/>
      </object_component>
      <object_component id="oc-2cf">
         <name>.debug_line</name>
         <load_address>0x30e9</load_address>
         <run_address>0x30e9</run_address>
         <size>0x110</size>
         <input_file_ref idref="fl-10"/>
      </object_component>
      <object_component id="oc-274">
         <name>.debug_line</name>
         <load_address>0x31f9</load_address>
         <run_address>0x31f9</run_address>
         <size>0x38</size>
         <input_file_ref idref="fl-10"/>
      </object_component>
      <object_component id="oc-2cb">
         <name>.debug_line</name>
         <load_address>0x3231</load_address>
         <run_address>0x3231</run_address>
         <size>0x38</size>
         <input_file_ref idref="fl-10"/>
      </object_component>
      <object_component id="oc-13c">
         <name>.debug_line</name>
         <load_address>0x3269</load_address>
         <run_address>0x3269</run_address>
         <size>0xc97</size>
         <input_file_ref idref="fl-10"/>
      </object_component>
      <object_component id="oc-203">
         <name>.debug_line</name>
         <load_address>0x3f00</load_address>
         <run_address>0x3f00</run_address>
         <size>0xc2</size>
         <input_file_ref idref="fl-10"/>
      </object_component>
      <object_component id="oc-2d3">
         <name>.debug_line</name>
         <load_address>0x3fc2</load_address>
         <run_address>0x3fc2</run_address>
         <size>0x38</size>
         <input_file_ref idref="fl-10"/>
      </object_component>
      <object_component id="oc-27a">
         <name>.debug_line</name>
         <load_address>0x3ffa</load_address>
         <run_address>0x3ffa</run_address>
         <size>0x20</size>
         <input_file_ref idref="fl-12"/>
      </object_component>
      <object_component id="oc-e1">
         <name>.debug_line</name>
         <load_address>0x401a</load_address>
         <run_address>0x401a</run_address>
         <size>0x81</size>
         <input_file_ref idref="fl-12"/>
      </object_component>
      <object_component id="oc-1c3">
         <name>.debug_line</name>
         <load_address>0x409b</load_address>
         <run_address>0x409b</run_address>
         <size>0x57</size>
         <input_file_ref idref="fl-12"/>
      </object_component>
      <object_component id="oc-27e">
         <name>.debug_line</name>
         <load_address>0x40f2</load_address>
         <run_address>0x40f2</run_address>
         <size>0x53</size>
         <input_file_ref idref="fl-12"/>
      </object_component>
      <object_component id="oc-298">
         <name>.debug_line</name>
         <load_address>0x4145</load_address>
         <run_address>0x4145</run_address>
         <size>0x20</size>
         <input_file_ref idref="fl-13"/>
      </object_component>
      <object_component id="oc-296">
         <name>.debug_line</name>
         <load_address>0x4165</load_address>
         <run_address>0x4165</run_address>
         <size>0x33</size>
[...]
      </symbol>
      <symbol id="sm-7a6">
         <name>_getCPSRValue_</name>
         <value>0xe0dc</value>
         <object_component_ref idref="oc-64"/>
      </symbol>
      <symbol id="sm-7a7">
         <name>__TI_PINIT_Limit</name>
         <value>0xe2a4</value>
         <object_component_ref idref="oc-64"/>
      </symbol>
      <symbol id="sm-7a8">
         <name>_coreEnableFlashEcc_</name>
         <value>0xe13c</value>
         <object_component_ref idref="oc-64"/>
      </symbol>
      <symbol id="sm-7a9">
         <name>_disable_FIQ_interrupt_</name>
         <value>0xe1f0</value>
         <object_component_ref idref="oc-64"/>
      </symbol>
      <symbol id="sm-7aa">
         <name>_coreGetAuxiliaryInstructionFault_</name>
         <value>0xe1d4</value>
         <object_component_ref idref="oc-64"/>
      </symbol>
      <symbol id="sm-7ab">
         <name>_coreInitStackPointer_</name>
         <value>0xe090</value>
         <object_component_ref idref="oc-64"/>
      </symbol>
      <symbol id="sm-7ac">
         <name>_esmCcmErrorsClear_</name>
         <value>0xe208</value>
         <object_component_ref idref="oc-64"/>
      </symbol>
      <symbol id="sm-7ad">
         <name>_gotoCPUIdle_</name>
         <value>0xe0e4</value>
         <object_component_ref idref="oc-64"/>
      </symbol>
      <symbol id="sm-7ae">
         <name>_coreEnableIrqVicOffset_</name>
         <value>0xe160</value>
         <object_component_ref idref="oc-64"/>
      </symbol>
      <symbol id="sm-7af">
         <name>_coreGetInstructionFault_</name>
         <value>0xe184</value>
         <object_component_ref idref="oc-64"/>
      </symbol>
      <symbol id="sm-7b0">
         <name>_coreClearAuxiliaryDataFault_</name>
         <value>0xe1c8</value>
         <object_component_ref idref="oc-64"/>
      </symbol>
      <symbol id="sm-7b1">
         <name>_coreEnableEventBusExport_</name>
         <value>0xe0fc</value>
         <object_component_ref idref="oc-64"/>
      </symbol>
      <symbol id="sm-7bc">
         <name>resetEntry</name>
         <value>0x0</value>
         <object_component_ref idref="oc-2a"/>
      </symbol>
      <symbol id="sm-7f9">
         <name>xTask1Handle</name>
         <value>0x800305c</value>
      </symbol>
      <symbol id="sm-7fa">
         <name>RX_Data_Slave</name>
         <value>0x8003050</value>
      </symbol>
      <symbol id="sm-7fb">
         <name>dataconfig1_t</name>
         <value>0x8003058</value>
      </symbol>
      <symbol id="sm-7fc">
         <name>_modeCache</name>
         <value>0x8003070</value>
         <object_component_ref idref="oc-140"/>
      </symbol>
      <symbol id="sm-7fd">
         <name>wordWrite</name>
         <value>0xdc8c</value>
         <object_component_ref idref="oc-88"/>
      </symbol>
      <symbol id="sm-7fe">
         <name>_outputCache</name>
         <value>0x8003074</value>
         <object_component_ref idref="oc-140"/>
      </symbol>
      <symbol id="sm-7ff">
         <name>TX_Data_Slave</name>
         <value>0x8003088</value>
         <object_component_ref idref="oc-143"/>
      </symbol>
      <symbol id="sm-800">
         <name>main</name>
         <value>0xdf60</value>
         <object_component_ref idref="oc-88"/>
      </symbol>
      <symbol id="sm-801">
         <name>spiOutput</name>
         <value>0xdd48</value>
         <object_component_ref idref="oc-88"/>
      </symbol>
      <symbol id="sm-802">
         <name>_invertCache</name>
         <value>0x800307c</value>
         <object_component_ref idref="oc-140"/>
      </symbol>
      <symbol id="sm-803">
         <name>vTaskALL</name>
         <value>0xde10</value>
         <object_component_ref idref="oc-88"/>
      </symbol>
      <symbol id="sm-804">
         <name>spiWrite</name>
         <value>0xdc6c</value>
         <object_component_ref idref="oc-88"/>
      </symbol>
      <symbol id="sm-805">
         <name>byteWrite</name>
         <value>0xdcdc</value>
         <object_component_ref idref="oc-88"/>
      </symbol>
      <symbol id="sm-806">
         <name>pinMode</name>
         <value>0xdd24</value>
         <object_component_ref idref="oc-88"/>
      </symbol>
      <symbol id="sm-807">
         <name>_pullupCache</name>
         <value>0x8003078</value>
         <object_component_ref idref="oc-140"/>
      </symbol>
      <symbol id="sm-820">
         <name>phantomInterrupt</name>
         <value>0xf73c</value>
         <object_component_ref idref="oc-2f"/>
      </symbol>
      <symbol id="sm-829">
         <name>_pmuResetCounters_</name>
         <value>0xf424</value>
         <object_component_ref idref="oc-e7"/>
      </symbol>
      <symbol id="sm-82a">
         <name>_pmuGetEventCount_</name>
         <value>0xf458</value>
         <object_component_ref idref="oc-e7"/>
      </symbol>
      <symbol id="sm-82b">
         <name>_pmuResetEventCounters_</name>
         <value>0xf414</value>
         <object_component_ref idref="oc-e7"/>
      </symbol>
      <symbol id="sm-82c">
         <name>_pmuStopCounters_</name>
         <value>0xf43c</value>
         <object_component_ref idref="oc-e7"/>
      </symbol>
      <symbol id="sm-82d">
         <name>_pmuInit_</name>
         <value>0xf398</value>
         <object_component_ref idref="oc-e7"/>
      </symbol>
      <symbol id="sm-82e">
         <name>_pmuGetOverflow_</name>
         <value>0xf464</value>
         <object_component_ref idref="oc-e7"/>
      </symbol>
      <symbol id="sm-82f">
         <name>_pmuResetCycleCounter_</name>
         <value>0xf404</value>
         <object_component_ref idref="oc-e7"/>
      </symbol>
      <symbol id="sm-830">
         <name>_pmuSetCountEvent_</name>
         <value>0xf444</value>
         <object_component_ref idref="oc-e7"/>
      </symbol>
      <symbol id="sm-831">
         <name>_pmuGetCycleCount_</name>
         <value>0xf450</value>
         <object_component_ref idref="oc-e7"/>
      </symbol>
      <symbol id="sm-832">
         <name>_pmuEnableCountersGlobal_</name>
         <value>0xf3e4</value>
         <object_component_ref idref="oc-e7"/>
      </symbol>
      <symbol id="sm-833">
         <name>_pmuDisableCountersGlobal_</name>
         <value>0xf3f4</value>
         <object_component_ref idref="oc-e7"/>
      </symbol>
      <symbol id="sm-834">
         <name>_pmuStartCounters_</name>
         <value>0xf434</value>
         <object_component_ref idref="oc-e7"/>
      </symbol>
      <symbol id="sm-998">
         <name>pbistSelfCheck</name>
         <value>0x82cc</value>
         <object_component_ref idref="oc-7b"/>
      </symbol>
      <symbol id="sm-999">
         <name>fmcBus1ParityCheck</name>
         <value>0x9c00</value>
         <object_component_ref idref="oc-7b"/>
      </symbol>
      <symbol id="sm-99a">
         <name>can1ParityCheck</name>
         <value>0x90bc</value>
         <object_component_ref idref="oc-7b"/>
      </symbol>
      <symbol id="sm-99b">
         <name>enableParity</name>
         <value>0xa3d0</value>
         <object_component_ref idref="oc-7b"/>
      </symbol>
      <symbol id="sm-99c">
         <name>custom_dabort</name>
         <value>0x8df4</value>
         <object_component_ref idref="oc-7b"/>
      </symbol>
      <symbol id="sm-99d">
         <name>memoryInit</name>
         <value>0x8174</value>
         <object_component_ref idref="oc-7b"/>
      </symbol>
      <symbol id="sm-99e">
         <name>stcSelfCheck</name>
         <value>0x81b8</value>
         <object_component_ref idref="oc-7b"/>
      </symbol>
      <symbol id="sm-99f">
         <name>efcGetConfigValue</name>
         <value>0x9f98</value>
         <object_component_ref idref="oc-7b"/>
      </symbol>
      <symbol id="sm-9a0">
         <name>can2ParityCheck</name>
         <value>0x9198</value>
         <object_component_ref idref="oc-7b"/>
      </symbol>
      <symbol id="sm-9a1">
         <name>het1ParityCheck</name>
         <value>0x8eac</value>
         <object_component_ref idref="oc-7b"/>
      </symbol>
      <symbol id="sm-9a2">
         <name>adc1ParityCheck</name>
         <value>0x9004</value>
         <object_component_ref idref="oc-7b"/>
      </symbol>
      <symbol id="sm-9a3">
         <name>checkefcSelfTest</name>
         <value>0x87bc</value>
         <object_component_ref idref="oc-7b"/>
      </symbol>
      <symbol id="sm-9a4">
         <name>checkRAMECC</name>
         <value>0x93bc</value>
         <object_component_ref idref="oc-7b"/>
      </symbol>
      <symbol id="sm-9a5">
         <name>stcSelfCheckFail</name>
         <value>0x8df8</value>
         <object_component_ref idref="oc-7b"/>
      </symbol>
      <symbol id="sm-9a6">
         <name>ccmSelfCheck</name>
         <value>0x8030</value>
         <object_component_ref idref="oc-7b"/>
      </symbol>
      <symbol id="sm-9a7">
         <name>efcCheck</name>
         <value>0x8660</value>
         <object_component_ref idref="oc-7b"/>
      </symbol>
      <symbol id="sm-9a8">
         <name>cpuSelfTest</name>
         <value>0x8234</value>
         <object_component_ref idref="oc-7b"/>
      </symbol>
      <symbol id="sm-9a9">
         <name>htu1ParityCheck</name>
         <value>0x8f4c</value>
         <object_component_ref idref="oc-7b"/>
      </symbol>
      <symbol id="sm-9aa">
         <name>checkFlashECC</name>
         <value>0x8d18</value>
         <object_component_ref idref="oc-7b"/>
      </symbol>
      <symbol id="sm-9ab">
         <name>cpuSelfTestFail</name>
         <value>0x8dfc</value>
         <object_component_ref idref="oc-7b"/>
      </symbol>
      <symbol id="sm-9ac">
         <name>checkPLL1Slip</name>
         <value>0x9880</value>
         <object_component_ref idref="oc-7b"/>
      </symbol>
      <symbol id="sm-9ad">
         <name>mibspi1ParityCheck</name>
         <value>0x9260</value>
         <object_component_ref idref="oc-7b"/>
      </symbol>
      <symbol id="sm-9ae">
         <name>ccmr4GetConfigValue</name>
         <value>0xa034</value>
         <object_component_ref idref="oc-7b"/>
      </symbol>
      <symbol id="sm-9af">
         <name>pbistPortTestStatus</name>
         <value>0x8608</value>
         <object_component_ref idref="oc-7b"/>
      </symbol>
      <symbol id="sm-9b0">
         <name>checkFlashEEPROMECC</name>
         <value>0x96d8</value>
         <object_component_ref idref="oc-7b"/>
      </symbol>
      <symbol id="sm-9b1">
         <name>pbistGetConfigValue</name>
         <value>0x9db0</value>
         <object_component_ref idref="oc-7b"/>
      </symbol>
      <symbol id="sm-9b2">
         <name>vimParityCheck</name>
         <value>0x8e00</value>
         <object_component_ref idref="oc-7b"/>
      </symbol>
      <symbol id="sm-9b3">
         <name>pbistIsTestCompleted</name>
         <value>0x85a8</value>
         <object_component_ref idref="oc-7b"/>
      </symbol>
      <symbol id="sm-9b4">
         <name>disableParity</name>
         <value>0xa424</value>
         <object_component_ref idref="oc-7b"/>
      </symbol>
      <symbol id="sm-9b5">
         <name>pbistRun</name>
         <value>0x84ac</value>
         <object_component_ref idref="oc-7b"/>
      </symbol>
      <symbol id="sm-9b6">
         <name>pbistFail</name>
         <value>0x9d2c</value>
         <object_component_ref idref="oc-7b"/>
      </symbol>
      <symbol id="sm-9b7">
         <name>selftestFailNotification</name>
         <value>0x8020</value>
         <object_component_ref idref="oc-7b"/>
      </symbol>
      <symbol id="sm-9b8">
         <name>errata_PBIST_4</name>
         <value>0xa0b0</value>
         <object_component_ref idref="oc-7b"/>
      </symbol>
      <symbol id="sm-9b9">
         <name>efcSelfTest</name>
         <value>0x8794</value>
         <object_component_ref idref="oc-7b"/>
      </symbol>
      <symbol id="sm-9ba">
         <name>checkB1RAMECC</name>
         <value>0x8b28</value>
         <object_component_ref idref="oc-7b"/>
      </symbol>
      <symbol id="sm-9bb">
         <name>pbistStop</name>
         <value>0x8578</value>
         <object_component_ref idref="oc-7b"/>
      </symbol>
      <symbol id="sm-9bc">
         <name>checkRAMAddrParity</name>
         <value>0x999c</value>
         <object_component_ref idref="oc-7b"/>
      </symbol>
      <symbol id="sm-9bd">
         <name>checkB0RAMECC</name>
         <value>0x8938</value>
         <object_component_ref idref="oc-7b"/>
      </symbol>
      <symbol id="sm-9be">
         <name>stcGetConfigValue</name>
         <value>0x9ef8</value>
         <object_component_ref idref="oc-7b"/>
      </symbol>
      <symbol id="sm-9bf">
         <name>pbistIsTestPassed</name>
         <value>0x85d4</value>
         <object_component_ref idref="oc-7b"/>
      </symbol>
      <symbol id="sm-9c0">
         <name>checkClockMonitor</name>
         <value>0x9604</value>
         <object_component_ref idref="oc-7b"/>
      </symbol>
      <symbol id="sm-9c1">
         <name>fmcECCcheck</name>
         <value>0x8898</value>
         <object_component_ref idref="oc-7b"/>
      </symbol>
      <symbol id="sm-9c2">
         <name>fmcBus2Check</name>
         <value>0x885c</value>
         <object_component_ref idref="oc-7b"/>
      </symbol>
      <symbol id="sm-9c3">
         <name>checkRAMUERRTest</name>
         <value>0x9aa4</value>
         <object_component_ref idref="oc-7b"/>
      </symbol>
      <symbol id="sm-9c4">
         <name>efcStuckZeroTest</name>
         <value>0x86e8</value>
         <object_component_ref idref="oc-7b"/>
      </symbol>
      <symbol id="sm-9ed">
         <name>_c_int00</name>
         <value>0xe9c0</value>
         <object_component_ref idref="oc-1b"/>
      </symbol>
      <symbol id="sm-9ee">
         <name>handlePLLLockFail</name>
         <value>0xf740</value>
         <object_component_ref idref="oc-6f"/>
      </symbol>
      <symbol id="sm-a86">
         <name>vimChannelMap</name>
         <value>0xc518</value>
         <object_component_ref idref="oc-3a"/>
      </symbol>
      <symbol id="sm-a87">
         <name>vimInit</name>
         <value>0xc444</value>
         <object_component_ref idref="oc-3a"/>
      </symbol>
      <symbol id="sm-a88">
         <name>vimEnableInterrupt</name>
         <value>0xc5bc</value>
         <object_component_ref idref="oc-3a"/>
      </symbol>
      <symbol id="sm-a89">
         <name>vimDisableInterrupt</name>
         <value>0xc714</value>
         <object_component_ref idref="oc-3a"/>
      </symbol>
      <symbol id="sm-a8a">
         <name>vimGetConfigValue</name>
         <value>0xc798</value>
         <object_component_ref idref="oc-3a"/>
      </symbol>
      <symbol id="sm-a8b">
         <name>vimParityErrorHandler</name>
         <value>0xe520</value>
         <object_component_ref idref="oc-35"/>
      </symbol>
      <symbol id="sm-adf">
         <name>systemGetConfigValue</name>
         <value>0xb33c</value>
         <object_component_ref idref="oc-75"/>
      </symbol>
      <symbol id="sm-ae0">
         <name>trimLPO</name>
         <value>0xb054</value>
         <object_component_ref idref="oc-75"/>
      </symbol>
      <symbol id="sm-ae1">
         <name>systemInit</name>
         <value>0xb240</value>
         <object_component_ref idref="oc-75"/>
      </symbol>
      <symbol id="sm-ae2">
         <name>customTrimLPO</name>
         <value>0xb9e4</value>
         <object_component_ref idref="oc-75"/>
      </symbol>
      <symbol id="sm-ae3">
         <name>tcmflashGetConfigValue</name>
         <value>0xb6fc</value>
         <object_component_ref idref="oc-75"/>
      </symbol>
      <symbol id="sm-ae4">
         <name>sramGetConfigValue</name>
         <value>0xb8a8</value>
         <object_component_ref idref="oc-75"/>
      </symbol>
      <symbol id="sm-ae5">
         <name>periphInit</name>
         <value>0xb108</value>
         <object_component_ref idref="oc-75"/>
      </symbol>
      <symbol id="sm-ae6">
         <name>setupFlash</name>
         <value>0xb0c8</value>
         <object_component_ref idref="oc-75"/>
      </symbol>
      <symbol id="sm-ae7">
         <name>setupPLL</name>
         <value>0xb004</value>
         <object_component_ref idref="oc-75"/>
      </symbol>
      <symbol id="sm-ae8">
         <name>mapClocks</name>
         <value>0xb15c</value>
         <object_component_ref idref="oc-75"/>
      </symbol>
      <symbol id="sm-ae9">
         <name>systemPowerDown</name>
         <value>0xb30c</value>
         <object_component_ref idref="oc-75"/>
      </symbol>
      <symbol id="sm-af8">
         <name>__aeabi_memset</name>
         <value>0xf54c</value>
         <object_component_ref idref="oc-d1"/>
      </symbol>
      <symbol id="sm-af9">
         <name>memset</name>
         <value>0xf558</value>
         <object_component_ref idref="oc-d1"/>
      </symbol>
      <symbol id="sm-afa">
         <name>__aeabi_memset8</name>
         <value>0xf54c</value>
         <object_component_ref idref="oc-d1"/>
      </symbol>
      <symbol id="sm-afb">
         <name>__aeabi_memset4</name>
         <value>0xf54c</value>
         <object_component_ref idref="oc-d1"/>
      </symbol>
      <symbol id="sm-afc">
         <name>__aeabi_memclr8</name>
         <value>0xf548</value>
         <object_component_ref idref="oc-d1"/>
      </symbol>
      <symbol id="sm-afd">
         <name>__aeabi_memclr4</name>
         <value>0xf548</value>
         <object_component_ref idref="oc-d1"/>
      </symbol>
      <symbol id="sm-afe">
         <name>__aeabi_memclr</name>
         <value>0xf548</value>
         <object_component_ref idref="oc-d1"/>
      </symbol>
      <symbol id="sm-b1b">
         <name>memcpy</name>
         <value>0xed90</value>
         <object_component_ref idref="oc-4c"/>
      </symbol>
      <symbol id="sm-b1c">
         <name>__aeabi_memcpy</name>
         <value>0xed90</value>
         <object_component_ref idref="oc-4c"/>
      </symbol>
      <symbol id="sm-b1d">
         <name>__aeabi_memcpy8</name>
         <value>0xed90</value>
         <object_component_ref idref="oc-4c"/>
      </symbol>
      <symbol id="sm-b1e">
         <name>__aeabi_memcpy4</name>
         <value>0xed90</value>
         <object_component_ref idref="oc-4c"/>
      </symbol>
      <symbol id="sm-b47">
         <name>__TI_auto_init_nobinit_nopinit</name>
         <value>0xf688</value>
         <object_component_ref idref="oc-f5"/>
      </symbol>
      <symbol id="sm-b5a">
         <name>__TI_zero_init</name>
         <value>0xf724</value>
         <object_component_ref idref="oc-5e"/>
      </symbol>
      <symbol id="sm-b71">
         <name>__TI_decompress_none</name>
         <value>0xf710</value>
         <object_component_ref idref="oc-14"/>
      </symbol>
      <symbol id="sm-b94">
         <name>__TI_decompress_lzss</name>
         <value>0xf5f8</value>
         <object_component_ref idref="oc-e"/>
      </symbol>
      <symbol id="sm-b9f">
         <name>C$$EXIT</name>
         <value>0xf734</value>
         <object_component_ref idref="oc-14e"/>
      </symbol>
      <symbol id="sm-ba0">
         <name>abort</name>
         <value>0xf734</value>
         <object_component_ref idref="oc-14e"/>
      </symbol>
      <symbol id="sm-baf">
         <name>strlen</name>
         <value>0xf6f0</value>
         <object_component_ref idref="oc-240"/>
      </symbol>
      <symbol id="sm-bb1">
         <name>__TI_static_base__</name>
         <value>0x0</value>
      </symbol>
      <symbol id="sm-bb5">
         <name>SHT$$INIT_ARRAY$$Base</name>
         <value>0x0</value>
      </symbol>
      <symbol id="sm-bb6">
         <name>SHT$$INIT_ARRAY$$Limit</name>
         <value>0x0</value>
      </symbol>
      <symbol id="sm-bb7">
         <name>_system_post_cinit</name>
         <value>0x0</value>
      </symbol>
   </symbol_table>
   <title>Link successful</title>
</link_info>
